[0.000001 0.000001] RomBOOT
[0.054459 0.054459] 
[0.054611 0.000152] 
[0.054780 0.000169] AT91Bootstrap 3.5.2 (Wed Jan 30 18:42:28 CET 2013)
[0.059037 0.004257] 
[0.059212 0.000175] 1-Wire: Loading 1-Wire information ...
[0.062712 0.003500] 1-Wire: ROM Searching ... Done, 0x3 1-Wire chips found
[0.110086 0.047374] 
[0.110200 0.000114] 1-Wire: BoardName | [Revid] | VendorName
[0.162624 0.052424]   #0x0  SAMA5D34-CM [C9]      EMBEST
[0.214714 0.052090]   #0x1  SAMA5D3x-MB [B9]      FLEX
[0.266335 0.051621]   #0x2  SAMA5D3x-DM [A9]      FLEX
[0.269365 0.003030] 
[0.269544 0.000179] NAND: ONFI flash detected
[0.272351 0.002807] NAND: Image: Copy 0x80000 bytes from 0x40000 to 0x26f00000
[0.561372 0.289021] NAND: Done to load image
[1.032105 0.470733] 
[1.032301 0.000196] 
[1.032372 0.000071] U-Boot 2012.10-00062-g8978bda (Jan 30 2013 - 18:45:18)
[1.037113 0.004741] 
[1.037206 0.000093] CPU: AT91SAMA5D34
[1.038917 0.001711] Crystal frequency:       12 MHz
[1.041705 0.002788] CPU clock        :      528 MHz
[1.044592 0.002887] Master clock     :      132 MHz
[1.047480 0.002888] DRAM:  512 MiB
[1.093131 0.045651] WARNING: Caches not enabled
[1.180287 0.087156] NAND:  ONFI params, minimum required ECC: 4
[1.185327 0.005040] 256 MiB
[1.185983 0.000656] MMC:   mci: 0
[2.053934 0.867951] In:    serial
[2.055039 0.001105] Out:   serial
[2.056324 0.001285] Err:   serial
[2.057559 0.001235] Net:   gmacb0
[2.058915 0.001356] Warning: failed to set MAC address
[2.062138 0.003223] 
[2.062227 0.000089] Hit any key to stop autoboot:  0 
[3.068347 1.006120] 
[3.068531 0.000184] NAND read: device 0 offset 0x180000, size 0x50f3
[3.088293 0.019762]  20723 bytes read: OK
[3.090304 0.002011] 
[3.090390 0.000086] NAND read: device 0 offset 0x200000, size 0x2b3dd8
[5.077462 1.987072]  2833880 bytes read: OK
[5.079548 0.002086] ## Booting kernel from Legacy Image at 22000000 ...
[5.084066 0.004518]    Image Name:   Linux-3.6.9+
[5.086777 0.002711]    Image Type:   ARM Linux Kernel Image (uncompressed)
[5.091675 0.004898]    Data Size:    2833816 Bytes = 2.7 MiB
[5.095414 0.003739]    Load Address: 20008000
[5.097683 0.002269]    Entry Point:  20008000
[5.100036 0.002353]    Verifying Checksum ... OK
[5.716479 0.616443] ## Flattened Device Tree blob at 21000000
[5.720122 0.003643]    Booting using the fdt blob at 0x21000000
[5.724083 0.003961]    Loading Kernel Image ... OK
[7.249920 1.525837] OK
[7.250247 0.000327]    Loading Device Tree to 3fd82000, end 3fd8a0f2 ... OK
[7.265506 0.015259] Device tree update:
[7.278677 0.013171]   mb-rev property set to B
[7.318685 0.040008]   pinctrl for isi on mb rev B successfully updated
[7.323182 0.004497] 
[7.323272 0.000090] Starting kernel ...
[7.325187 0.001915] 
[8.732534 1.407347] Booting Linux on physical CPU 0
[8.735534 0.003000] Linux version 3.6.9+ (nferre@tenerife) (gcc version 4.6.1 (Ubuntu/Linaro 4.6.1-9ubuntu3) ) #1 Wed Jan 30 19:42:51 CET 2013
[8.745925 0.010391] CPU: ARMv7 Processor [410fc051] revision 1 (ARMv7), cr=10c53c7d
[8.751613 0.005688] CPU: PIPT / VIPT nonaliasing data cache, VIPT aliasing instruction cache
[8.758059 0.006446] Machine: Atmel SAMA5 (Device Tree), model: Atmel SAMA5D34-EK
[8.763438 0.005379] Memory policy: ECC disabled, Data cache writeback
[8.768453 0.005015] AT91: Detected soc type: sama5d3
[8.770886 0.002433] AT91: Detected soc subtype: sama5d34
[8.774215 0.003329] AT91: sram at 0x300000 of 0x20000 mapped at 0xfef58000
[8.779090 0.004875] Clocks: CPU 528 MHz, master 132 MHz, main 12.000 MHz
[8.783805 0.004715] Built 1 zonelists in Zone order, mobility grouping on.  Total pages: 130048
[8.790520 0.006715] Kernel command line: console=ttyS0,115200 mtdparts=atmel_nand:8M(bootstrap/uboot/kernel)ro,-(rootfs) rw rootfstype=ubifs ubi.mtd=1 root=ubi0:rootfs
[8.803526 0.013006] PID hash table entries: 2048 (order: 1, 8192 bytes)
[8.808154 0.004628] Dentry cache hash table entries: 65536 (order: 6, 262144 bytes)
[8.813838 0.005684] Inode-cache hash table entries: 32768 (order: 5, 131072 bytes)
[8.819406 0.005568] Memory: 512MB = 512MB total
[8.821910 0.002504] Memory: 514160k/514160k available, 10128k reserved, 0K highmem
[8.827615 0.005705] Virtual kernel memory layout:
[8.830236 0.002621]     vector  : 0xffff0000 - 0xffff1000   (   4 kB)
[8.834689 0.004453]     fixmap  : 0xfff00000 - 0xfffe0000   ( 896 kB)
[8.839137 0.004448]     vmalloc : 0xe0800000 - 0xff000000   ( 488 MB)
[8.843995 0.004858]     lowmem  : 0xc0000000 - 0xe0000000   ( 512 MB)
[8.848043 0.004048]     modules : 0xbf000000 - 0xc0000000   (  16 MB)
[8.852482 0.004439]       .text : 0xc0008000 - 0xc04f38b8   (5039 kB)
[8.856947 0.004465]       .init : 0xc04f4000 - 0xc0519484   ( 150 kB)
[8.861395 0.004448]       .data : 0xc051a000 - 0xc054a580   ( 194 kB)
[8.865843 0.004448]        .bss : 0xc054a5a4 - 0xc05628a8   (  97 kB)
[8.870290 0.004447] NR_IRQS:16 nr_irqs:16 16
[8.872558 0.002268] sched_clock: 32 bits at 100 Hz, resolution 10000000ns, wraps every 4294967286ms
[8.879631 0.007073] Console: colour dummy device 80x30
[8.882768 0.003137] Calibrating delay loop... 262.96 BogoMIPS (lpj=1314816)
[8.887805 0.005037] pid_max: default: 32768 minimum: 301
[8.891060 0.003255] Mount-cache hash table entries: 512
[8.894254 0.003194] CPU: Testing write buffer coherency: ok
[8.897871 0.003617] Setting up static identity map for 0x203b1238 - 0x203b1290
[8.903107 0.005236] devtmpfs: initialized
[8.905111 0.002004] pinctrl core: initialized pinctrl subsystem
[8.909037 0.003926] NET: Registered protocol family 16
[8.912178 0.003141] DMA: preallocated 256 KiB pool for atomic coherent allocations
[8.917778 0.005600] AT91: mb rev: B
[8.919220 0.001442] AT91: Power Management (with slow clock mode)
[8.923352 0.004132] gpio-at91 fffff200.gpio: at address fefff200
[8.927383 0.004031] gpio-at91 fffff400.gpio: at address fefff400
[8.931384 0.004001] gpio-at91 fffff600.gpio: at address fefff600
[8.935396 0.004012] gpio-at91 fffff800.gpio: at address fefff800
[8.939411 0.004015] gpio-at91 fffffa00.gpio: at address fefffa00
[8.943425 0.004014] pinctrl-at91 pinctrl.3: initialized AT91 pinctrl driver
[8.949166 0.005741] bio: create slab <bio-0> at 0
[8.951149 0.001983] at_hdmac ffffe600.dma-controller: Atmel AHB DMA Controller ( cpy slave ), 8 channels
[8.958610 0.007461] at_hdmac ffffe800.dma-controller: Atmel AHB DMA Controller ( cpy slave ), 8 channels
[8.966116 0.007506] SCSI subsystem initialized
[8.968558 0.002442] usbcore: registered new interface driver usbfs
[8.972745 0.004187] usbcore: registered new interface driver hub
[8.976728 0.003983] usbcore: registered new device driver usb
[8.980517 0.003789] /ahb/apb/i2c@f0014000: can't parse dma property (-2)
[8.985230 0.004713] at91_i2c f0014000.i2c: AT91 i2c bus driver.
[8.989159 0.003929] at91_i2c f0018000.i2c: using dma0chan0 (tx) and dma0chan1 (rx) for DMA transfers
[8.996310 0.007151] at91_i2c f0018000.i2c: AT91 i2c bus driver.
[9.000241 0.003931] Linux media interface: v0.10
[9.002853 0.002612] Linux video capture interface: v2.00
[9.006189 0.003336] Advanced Linux Sound Architecture Driver Version 1.0.25.
[9.011222 0.005033] cfg80211: Calling CRDA to update world regulatory domain
[9.016294 0.005072] Switching to clocksource tcb_clksrc
[9.019529 0.003235] NET: Registered protocol family 2
[9.022584 0.003055] TCP established hash table entries: 16384 (order: 5, 131072 bytes)
[9.028515 0.005931] TCP bind hash table entries: 16384 (order: 4, 65536 bytes)
[9.033755 0.005240] TCP: Hash tables configured (established 16384 bind 16384)
[9.038960 0.005205] TCP: reno registered
[9.040912 0.001952] UDP hash table entries: 256 (order: 0, 4096 bytes)
[9.045459 0.004547] UDP-Lite hash table entries: 256 (order: 0, 4096 bytes)
[9.050427 0.004968] NET: Registered protocol family 1
[9.053475 0.003048] RPC: Registered named UNIX socket transport module.
[9.058099 0.004624] RPC: Registered udp transport module.
[9.061505 0.003406] RPC: Registered tcp transport module.
[9.064947 0.003442] RPC: Registered tcp NFSv4.1 backchannel transport module.
[9.070026 0.005079] jffs2: version 2.2. (NAND) (SUMMARY)  Â© 2001-2006 Red Hat, Inc.
[9.075831 0.005805] msgmni has been set to 1004
[9.078350 0.002519] io scheduler noop registered (default)
[9.081839 0.003489] atmel_hlcdfb atmel_hlcdfb_base: 1500KiB frame buffer at 3f000000 (mapped at e08a4000)
[9.089432 0.007593] Console: switching to colour frame buffer device 100x30
[9.094411 0.004979] atmel_hlcdfb atmel_hlcdfb_base: fb0: Atmel LCDC at 0xf0030000 (mapped at e0a1c000), irq 26
[9.102438 0.008027] atmel_hlcdfb atmel_hlcdfb_ovl1: 1500KiB frame buffer at 3f200000 (mapped at e0a20000)
[9.110029 0.007591] atmel_hlcdfb atmel_hlcdfb_ovl1: fb1: Atmel LCDC at 0xf0030140 (mapped at e0b9a140), irq -6
[9.118056 0.008027] atmel_hlcdfb atmel_hlcdfb_ovl2: 1500KiB frame buffer at 3ec00000 (mapped at e0b9e000)
[9.126456 0.008400] atmel_hlcdfb atmel_hlcdfb_ovl2: fb2: Atmel LCDC at 0xf0030240 (mapped at e0d18240), irq -6
[9.133686 0.007230] f0020000.serial: ttyS2 at MMIO 0xf0020000 (irq = 24) is a ATMEL_SERIAL
[9.139963 0.006277] ffffee00.serial: ttyS0 at MMIO 0xffffee00 (irq = 36) is a ATMEL_SERIAL
[9.146250 0.006287] console [ttyS0] enabled
[9.156369 0.010119] brd: module loaded
[9.170495 0.014126] loop: module loaded
[9.172557 0.002062] ssc f0008000.ssc: Atmel SSC device at 0xe0d20000 (irq 19)
[9.178430 0.005873] at24 1-0050: 32768 byte 24c256 EEPROM, writable, 64 bytes/write
[9.188489 0.010059] atmel_nand 60000000.nand: Using NFC
[9.193341 0.004852] atmel_nand: Use On Flash BBT
[9.195981 0.002640] atmel_nand 60000000.nand: Using dma0chan2 for DMA transfers.
[9.201574 0.005593] ONFI param page 0 valid
[9.203763 0.002189] ONFI flash detected
[9.205670 0.001907] NAND device: Manufacturer ID: 0x2c, Chip ID: 0xda (Micron MT29F2G08ABAEAWP), page size: 2048, OOB size: 64
[9.215040 0.009370] ONFI params, minimum required ECC: 4
[9.218363 0.003323] atmel_nand 60000000.nand: Initialize PMECC params, cap: 4, sector: 512
[9.224672 0.006309] atmel_nand 60000000.nand: Using NFC Sram
[9.228575 0.003903] Bad block table found at page 131008, version 0x01
[9.233422 0.004847] Bad block table found at page 130944, version 0x01
[9.238283 0.004861] 2 cmdlinepart partitions found on MTD device atmel_nand
[9.243258 0.004975] Creating 2 MTD partitions on "atmel_nand":
[9.247101 0.003843] 0x000000000000-0x000000800000 : "bootstrap/uboot/kernel"
[9.255291 0.008190] 0x000000800000-0x000010000000 : "rootfs"
[9.263692 0.008401] UBI: attaching mtd1 to ubi0
[9.266245 0.002553] UBI: physical eraseblock size:   131072 bytes (128 KiB)
[9.271220 0.004975] UBI: logical eraseblock size:    126976 bytes
[9.276604 0.005384] UBI: smallest flash I/O unit:    2048
[9.278752 0.002148] UBI: VID header offset:          2048 (aligned 2048)
[9.283454 0.004702] UBI: data offset:                4096
[10.181958 0.898504] UBI: max. sequence number:       9
[10.195807 0.013849] UBI: attached mtd1 to ubi0
[10.198139 0.002332] UBI: MTD device name:            "rootfs"
[10.201869 0.003730] UBI: MTD device size:            248 MiB
[10.205532 0.003663] UBI: number of good PEBs:        1980
[10.208936 0.003404] UBI: number of bad PEBs:         4
[10.212055 0.003119] UBI: number of corrupted PEBs:   0
[10.215244 0.003189] UBI: max. allowed volumes:       128
[10.218535 0.003291] UBI: wear-leveling threshold:    4096
[10.221938 0.003403] UBI: number of internal volumes: 1
[10.225085 0.003147] UBI: number of user volumes:     1
[10.228223 0.003138] UBI: available PEBs:             0
[10.231368 0.003145] UBI: total number of reserved PEBs: 1980
[10.235030 0.003662] UBI: number of PEBs reserved for bad PEB handling: 38
[10.239833 0.004803] UBI: max/mean erase counter: 2/0
[10.242811 0.002978] UBI: image sequence number:  274044544
[10.246936 0.004125] atmel_spi f0004000.spi: Using dma0chan3 (tx) and  dma0chan4 (rx) for DMA transfers
[10.254285 0.007349] atmel_spi f0004000.spi: Atmel SPI Controller at 0xf0004000 (irq 18)
[10.260613 0.006328] UBI: background thread "ubi_bgt0d" started, PID 430
[10.265556 0.004943] atmel_spi f0004000.spi: master is unqueued, this is deprecated
[10.272206 0.006650] m25p80 spi32766.0: at25df321a (4096 Kbytes)
[10.282253 0.010047] CAN device driver interface
[10.286725 0.004472] at91_can f000c000.can: device registered (reg_base=e0d7a000, irq=20)
[10.294744 0.008019] at91_can f8010000.can: device registered (reg_base=e0d7c000, irq=28)
[10.301966 0.007222] macb f0028000.ethernet: (unregistered net_device): invalid hw address, using random
[10.314580 0.012614] libphy: MACB_mii_bus: probed
[10.317307 0.002727] macb f0028000.ethernet: eth0: Cadence GEM at 0xf0028000 irq 25 (ca:e5:5f:0d:f0:9b)
[10.324625 0.007318] macb f0028000.ethernet: eth0: attached PHY driver [Micrel KSZ9021 Gigabit PHY] (mii_bus:phy_addr=f0028000.etherne:07, irq=-1)
[10.336992 0.012367] ehci_hcd: USB 2.0 'Enhanced' Host Controller (EHCI) Driver
[10.342313 0.005321] atmel-ehci 700000.ehci: Atmel EHCI UHP HS
[10.346220 0.003907] atmel-ehci 700000.ehci: new USB bus registered, assigned bus number 1
[10.352434 0.006214] atmel-ehci 700000.ehci: irq 44, io mem 0x00700000
[10.374288 0.021854] atmel-ehci 700000.ehci: USB 2.0 started, EHCI 1.00
[10.378853 0.004565] usb usb1: New USB device found, idVendor=1d6b, idProduct=0002
[10.384359 0.005506] usb usb1: New USB device strings: Mfr=3, Product=2, SerialNumber=1
[10.390289 0.005930] usb usb1: Product: Atmel EHCI UHP HS
[10.393608 0.003319] usb usb1: Manufacturer: Linux 3.6.9+ ehci_hcd
[10.397682 0.004074] usb usb1: SerialNumber: 700000.ehci
[10.402614 0.004932] hub 1-0:1.0: USB hub found
[10.405074 0.002460] hub 1-0:1.0: 3 ports detected
[10.408530 0.003456] ohci_hcd: USB 1.1 'Open' Host Controller (OHCI) Driver
[10.413938 0.005408] at91_ohci 600000.ohci: AT91 OHCI
[10.416950 0.003012] at91_ohci 600000.ohci: new USB bus registered, assigned bus number 2
[10.423124 0.006174] at91_ohci 600000.ohci: irq 44, io mem 0x00600000
[10.488608 0.065484] usb usb2: New USB device found, idVendor=1d6b, idProduct=0001
[10.493977 0.005369] usb usb2: New USB device strings: Mfr=3, Product=2, SerialNumber=1
[10.499888 0.005911] usb usb2: Product: AT91 OHCI
[10.502507 0.002619] usb usb2: Manufacturer: Linux 3.6.9+ ohci_hcd
[10.506608 0.004101] usb usb2: SerialNumber: at91
[10.510955 0.004347] hub 2-0:1.0: USB hub found
[10.513935 0.002980] hub 2-0:1.0: 3 ports detected
[10.518232 0.004297] usbcore: registered new interface driver cdc_acm
[10.521779 0.003547] cdc_acm: USB Abstract Control Model driver for USB modems and ISDN adapters
[10.528515 0.006736] Initializing USB Mass Storage driver...
[10.532566 0.004051] usbcore: registered new interface driver usb-storage
[10.537287 0.004721] USB Mass Storage support registered.
[10.541687 0.004400] atmel_usba_udc 500000.gadget: MMIO registers at 0xf8030000 mapped at e0d88000
[10.548663 0.006976] atmel_usba_udc 500000.gadget: FIFO at 0x00500000 mapped at e2800000
[10.557642 0.008979] qt1070 1-001b: AT42QT1070 firmware version 15
[11.036043 0.478401] input: AT42QT1070 QTouch Sensor as /devices/ahb.0/apb.1/f0018000.i2c/i2c-1/1-001b/input/input0
[11.046830 0.010787] atmel_tsadcc f8018000.tsadcc: Master clock is set at: 66000000 Hz
[11.052677 0.005847] atmel_tsadcc f8018000.tsadcc: Prescaler is set at: 109
[11.058377 0.005700] input: atmel touch screen controller as /devices/ahb.0/apb.1/f8018000.tsadcc/input/input1
[11.068856 0.010479] at91_rtc fffffeb0.rtc: rtc core: registered fffffeb0.rtc as rtc0
[11.074551 0.005695] AT91 Real Time Clock driver.
[11.077551 0.003000] i2c /dev entries driver
[11.082688 0.005137] at91sam9x5-video f0030340.lcdheo1: video device registered @ 0xe0d82340, irq = 26
[11.090396 0.007708] gspca_main: v2.14.0 registered
[11.094817 0.004421] usbcore: registered new interface driver uvcvideo
[11.099906 0.005089] USB Video Class driver (1.1.1)
[11.105146 0.005240] usbcore: registered new interface driver usbhid
[11.109422 0.004276] usbhid: USB HID core driver
[11.116486 0.007064] wm8904 0-001a: revision A
[11.124668 0.008182] sama5d3ek-audio sound.5: setting pck0 to 32768Hz
[11.132023 0.007355] sama5d3ek-audio sound.5:  wm8904-hifi <-> f0008000.ssc mapping ok
[11.142494 0.010471] TCP: cubic registered
[11.144518 0.002024] NET: Registered protocol family 10
[11.148747 0.004229] sit: IPv6 over IPv4 tunneling driver
[11.153770 0.005023] NET: Registered protocol family 17
[11.156947 0.003177] can: controller area network core (rev 20120528 abi 9)
[11.161892 0.004945] NET: Registered protocol family 29
[11.165063 0.003171] lib80211: common routines for IEEE802.11 drivers
[11.169520 0.004457] VFP support v0.3: implementor 41 architecture 2 part 30 variant 5 rev 1
[11.179716 0.010196] at91_rtc fffffeb0.rtc: setting system clock to 2007-01-01 01:46:07 UTC (1167615967)
[11.187828 0.008112] atmel_mci f0000000.mmc: version: 0x505
[11.191327 0.003499] atmel_mci f0000000.mmc: using dma0chan5 for DMA transfers
[11.235283 0.043956] atmel_mci f0000000.mmc: Atmel MCI controller at 0xf0000000 irq 17, 1 slots
[11.242414 0.007131] atmel_mci f8000000.mmc: version: 0x505
[11.245988 0.003574] atmel_mci f8000000.mmc: using dma1chan0 for DMA transfers
[11.285456 0.039468] atmel_mci f8000000.mmc: Atmel MCI controller at 0xf8000000 irq 27, 1 slots
[11.293787 0.008331] atmel_aes f8038000.aes: version: 0x135
[11.298937 0.005150] atmel_aes f8038000.aes: Atmel AES
[11.302664 0.003727] atmel_tdes f803c000.tdes: version: 0x701
[11.310291 0.007627] atmel_tdes f803c000.tdes: Atmel DES/TDES
[11.313091 0.002800] atmel_sha f8034000.sha: version: 0x410
[11.317794 0.004703] atmel_sha f8034000.sha: Atmel SHA1/SHA256
[11.322089 0.004295] ALSA device list:
[11.323669 0.001580]   #0: wm8904 @ SAMA5D3EK
[11.378961 0.055292] UBIFS: mounted UBI device 0, volume 0, name "rootfs"
[11.383560 0.004599] UBIFS: file system size:   244682752 bytes (238948 KiB, 233 MiB, 1927 LEBs)
[11.390297 0.006737] UBIFS: journal size:       9023488 bytes (8812 KiB, 8 MiB, 72 LEBs)
[11.396299 0.006002] UBIFS: media format:       w4/r0 (latest is w4/r0)
[11.400834 0.004535] UBIFS: default compressor: lzo
[11.403630 0.002796] UBIFS: reserved for root:  0 bytes (0 KiB)
[11.409193 0.005563] VFS: Mounted root (ubifs filesystem) on device 0:11.
[11.415200 0.006007] devtmpfs: mounted
[11.416911 0.001711] Freeing init memory: 148K
[11.491555 0.074644] init started: BusyBox v1.21.0 (2013-08-09 12:47:55 CEST)
[11.610178 0.118623] 
[11.610358 0.000180] Starting video player
[12.920021 1.309663] 
[12.920196 0.000175] Done playing video
[16.634563 3.714367] Starting logging: OK
[16.698956 0.064393] Starting portmap: done
[16.758533 0.059577] Initializing random number generator... done.
[16.800209 0.041676] ALSA: Restoring mixer settings...
[16.817779 0.017570] Starting network...
[16.954838 0.137059] Starting sshd: OK
[17.371639 0.416801] 
[17.372178 0.000539] Welcome to Buildroot
[17.374052 0.001874] buildroot login:
