[0.000001 0.000001] RomBOOT
[0.054395 0.054395] 
[0.054585 0.000190] 
[0.054744 0.000159] AT91Bootstrap 3.5.2 (Wed Jan 30 18:42:28 CET 2013)
[0.059035 0.004291] 
[0.059212 0.000177] 1-Wire: Loading 1-Wire information ...
[0.062660 0.003448] 1-Wire: ROM Searching ... Done, 0x3 1-Wire chips found
[0.110035 0.047375] 
[0.110117 0.000082] 1-Wire: BoardName | [Revid] | VendorName
[0.162598 0.052481]   #0x0  SAMA5D34-CM [C9]      EMBEST
[0.214542 0.051944]   #0x1  SAMA5D3x-MB [B9]      FLEX
[0.266323 0.051781]   #0x2  SAMA5D3x-DM [A9]      FLEX
[0.269317 0.002994] 
[0.269498 0.000181] NAND: ONFI flash detected
[0.272312 0.002814] NAND: Image: Copy 0x80000 bytes from 0x40000 to 0x26f00000
[0.561518 0.289206] NAND: Done to load image
[1.032077 0.470559] 
[1.032267 0.000190] 
[1.032341 0.000074] U-Boot 2012.10-00062-g8978bda (Jan 30 2013 - 18:45:18)
[1.037060 0.004719] 
[1.037165 0.000105] CPU: AT91SAMA5D34
[1.038810 0.001645] Crystal frequency:       12 MHz
[1.041671 0.002861] CPU clock        :      528 MHz
[1.044573 0.002902] Master clock     :      132 MHz
[1.047480 0.002907] DRAM:  512 MiB
[1.093108 0.045628] WARNING: Caches not enabled
[1.180447 0.087339] NAND:  ONFI params, minimum required ECC: 4
[1.185276 0.004829] 256 MiB
[1.186089 0.000813] MMC:   mci: 0
[2.053909 0.867820] In:    serial
[2.055006 0.001097] Out:   serial
[2.056224 0.001218] Err:   serial
[2.057519 0.001295] Net:   gmacb0
[2.058938 0.001419] Warning: failed to set MAC address
[2.062146 0.003208] 
[2.062233 0.000087] Hit any key to stop autoboot:  0 
[3.068444 1.006211] 
[3.068585 0.000141] NAND read: device 0 offset 0x180000, size 0x50f3
[3.088262 0.019677]  20723 bytes read: OK
[3.090349 0.002087] 
[3.090483 0.000134] NAND read: device 0 offset 0x200000, size 0x2b3dd8
[5.077433 1.986950]  2833880 bytes read: OK
[5.079415 0.001982] ## Booting kernel from Legacy Image at 22000000 ...
[5.084046 0.004631]    Image Name:   Linux-3.6.9+
[5.086745 0.002699]    Image Type:   ARM Linux Kernel Image (uncompressed)
[5.091644 0.004899]    Data Size:    2833816 Bytes = 2.7 MiB
[5.095302 0.003658]    Load Address: 20008000
[5.097668 0.002366]    Entry Point:  20008000
[5.100008 0.002340]    Verifying Checksum ... OK
[5.716444 0.616436] ## Flattened Device Tree blob at 21000000
[5.720096 0.003652]    Booting using the fdt blob at 0x21000000
[5.724048 0.003952]    Loading Kernel Image ... OK
[7.249891 1.525843] OK
[7.250215 0.000324]    Loading Device Tree to 3fd82000, end 3fd8a0f2 ... OK
[7.265403 0.015188] Device tree update:
[7.278592 0.013189]   mb-rev property set to B
[7.318670 0.040078]   pinctrl for isi on mb rev B successfully updated
[7.323129 0.004459] 
[7.323222 0.000093] Starting kernel ...
[7.325162 0.001940] 
[8.732512 1.407350] Booting Linux on physical CPU 0
[8.735095 0.002583] Linux version 3.6.9+ (nferre@tenerife) (gcc version 4.6.1 (Ubuntu/Linaro 4.6.1-9ubuntu3) ) #1 Wed Jan 30 19:42:51 CET 2013
[8.745921 0.010826] CPU: ARMv7 Processor [410fc051] revision 1 (ARMv7), cr=10c53c7d
[8.752001 0.006080] CPU: PIPT / VIPT nonaliasing data cache, VIPT aliasing instruction cache
[8.758033 0.006032] Machine: Atmel SAMA5 (Device Tree), model: Atmel SAMA5D34-EK
[8.763411 0.005378] Memory policy: ECC disabled, Data cache writeback
[8.767870 0.004459] AT91: Detected soc type: sama5d3
[8.770859 0.002989] AT91: Detected soc subtype: sama5d34
[8.774175 0.003316] AT91: sram at 0x300000 of 0x20000 mapped at 0xfef58000
[8.779063 0.004888] Clocks: CPU 528 MHz, master 132 MHz, main 12.000 MHz
[8.783779 0.004716] Built 1 zonelists in Zone order, mobility grouping on.  Total pages: 130048
[8.790493 0.006714] Kernel command line: console=ttyS0,115200 mtdparts=atmel_nand:8M(bootstrap/uboot/kernel)ro,-(rootfs) rw rootfstype=ubifs ubi.mtd=1 root=ubi0:rootfs
[8.803499 0.013006] PID hash table entries: 2048 (order: 1, 8192 bytes)
[8.808186 0.004687] Dentry cache hash table entries: 65536 (order: 6, 262144 bytes)
[8.813807 0.005621] Inode-cache hash table entries: 32768 (order: 5, 131072 bytes)
[8.819383 0.005576] Memory: 512MB = 512MB total
[8.821918 0.002535] Memory: 514160k/514160k available, 10128k reserved, 0K highmem
[8.828057 0.006139] Virtual kernel memory layout:
[8.830284 0.002227]     vector  : 0xffff0000 - 0xffff1000   (   4 kB)
[8.834653 0.004369]     fixmap  : 0xfff00000 - 0xfffe0000   ( 896 kB)
[8.839108 0.004455]     vmalloc : 0xe0800000 - 0xff000000   ( 488 MB)
[8.843560 0.004452]     lowmem  : 0xc0000000 - 0xe0000000   ( 512 MB)
[8.848007 0.004447]     modules : 0xbf000000 - 0xc0000000   (  16 MB)
[8.852482 0.004475]       .text : 0xc0008000 - 0xc04f38b8   (5039 kB)
[8.857077 0.004595]       .init : 0xc04f4000 - 0xc0519484   ( 150 kB)
[8.861387 0.004310]       .data : 0xc051a000 - 0xc054a580   ( 194 kB)
[8.865814 0.004427]        .bss : 0xc054a5a4 - 0xc05628a8   (  97 kB)
[8.870263 0.004449] NR_IRQS:16 nr_irqs:16 16
[8.872532 0.002269] sched_clock: 32 bits at 100 Hz, resolution 10000000ns, wraps every 4294967286ms
[8.879604 0.007072] Console: colour dummy device 80x30
[8.882741 0.003137] Calibrating delay loop... 262.96 BogoMIPS (lpj=1314816)
[8.887732 0.004991] pid_max: default: 32768 minimum: 301
[8.891036 0.003304] Mount-cache hash table entries: 512
[8.894263 0.003227] CPU: Testing write buffer coherency: ok
[8.897856 0.003593] Setting up static identity map for 0x203b1238 - 0x203b1290
[8.903082 0.005226] devtmpfs: initialized
[8.905084 0.002002] pinctrl core: initialized pinctrl subsystem
[8.909015 0.003931] NET: Registered protocol family 16
[8.912153 0.003138] DMA: preallocated 256 KiB pool for atomic coherent allocations
[8.917755 0.005602] AT91: mb rev: B
[8.919196 0.001441] AT91: Power Management (with slow clock mode)
[8.923325 0.004129] gpio-at91 fffff200.gpio: at address fefff200
[8.927352 0.004027] gpio-at91 fffff400.gpio: at address fefff400
[8.931363 0.004011] gpio-at91 fffff600.gpio: at address fefff600
[8.935367 0.004004] gpio-at91 fffff800.gpio: at address fefff800
[8.939384 0.004017] gpio-at91 fffffa00.gpio: at address fefffa00
[8.943399 0.004015] pinctrl-at91 pinctrl.3: initialized AT91 pinctrl driver
[8.948400 0.005001] bio: create slab <bio-0> at 0
[8.951078 0.002678] at_hdmac ffffe600.dma-controller: Atmel AHB DMA Controller ( cpy slave ), 8 channels
[8.958600 0.007522] at_hdmac ffffe800.dma-controller: Atmel AHB DMA Controller ( cpy slave ), 8 channels
[8.966103 0.007503] SCSI subsystem initialized
[8.968534 0.002431] usbcore: registered new interface driver usbfs
[8.972748 0.004214] usbcore: registered new interface driver hub
[8.976748 0.004000] usbcore: registered new device driver usb
[8.980491 0.003743] /ahb/apb/i2c@f0014000: can't parse dma property (-2)
[8.985203 0.004712] at91_i2c f0014000.i2c: AT91 i2c bus driver.
[8.989132 0.003929] at91_i2c f0018000.i2c: using dma0chan0 (tx) and dma0chan1 (rx) for DMA transfers
[8.996286 0.007154] at91_i2c f0018000.i2c: AT91 i2c bus driver.
[9.000226 0.003940] Linux media interface: v0.10
[9.002848 0.002622] Linux video capture interface: v2.00
[9.006666 0.003818] Advanced Linux Sound Architecture Driver Version 1.0.25.
[9.011226 0.004560] cfg80211: Calling CRDA to update world regulatory domain
[9.016274 0.005048] Switching to clocksource tcb_clksrc
[9.019501 0.003227] NET: Registered protocol family 2
[9.022556 0.003055] TCP established hash table entries: 16384 (order: 5, 131072 bytes)
[9.028490 0.005934] TCP bind hash table entries: 16384 (order: 4, 65536 bytes)
[9.033725 0.005235] TCP: Hash tables configured (established 16384 bind 16384)
[9.038946 0.005221] TCP: reno registered
[9.040886 0.001940] UDP hash table entries: 256 (order: 0, 4096 bytes)
[9.045419 0.004533] UDP-Lite hash table entries: 256 (order: 0, 4096 bytes)
[9.050392 0.004973] NET: Registered protocol family 1
[9.053454 0.003062] RPC: Registered named UNIX socket transport module.
[9.058072 0.004618] RPC: Registered udp transport module.
[9.061483 0.003411] RPC: Registered tcp transport module.
[9.064896 0.003413] RPC: Registered tcp NFSv4.1 backchannel transport module.
[9.070004 0.005108] jffs2: version 2.2. (NAND) (SUMMARY)  Â© 2001-2006 Red Hat, Inc.
[9.075976 0.005972] msgmni has been set to 1004
[9.078319 0.002343] io scheduler noop registered (default)
[9.081815 0.003496] atmel_hlcdfb atmel_hlcdfb_base: 1500KiB frame buffer at 3f000000 (mapped at e08a4000)
[9.089407 0.007592] Console: switching to colour frame buffer device 100x30
[9.094377 0.004970] atmel_hlcdfb atmel_hlcdfb_base: fb0: Atmel LCDC at 0xf0030000 (mapped at e0a1c000), irq 26
[9.102413 0.008036] atmel_hlcdfb atmel_hlcdfb_ovl1: 1500KiB frame buffer at 3f200000 (mapped at e0a20000)
[9.109999 0.007586] atmel_hlcdfb atmel_hlcdfb_ovl1: fb1: Atmel LCDC at 0xf0030140 (mapped at e0b9a140), irq -6
[9.118033 0.008034] atmel_hlcdfb atmel_hlcdfb_ovl2: 1500KiB frame buffer at 3ec00000 (mapped at e0b9e000)
[9.125601 0.007568] atmel_hlcdfb atmel_hlcdfb_ovl2: fb2: Atmel LCDC at 0xf0030240 (mapped at e0d18240), irq -6
[9.133657 0.008056] f0020000.serial: ttyS2 at MMIO 0xf0020000 (irq = 24) is a ATMEL_SERIAL
[9.139936 0.006279] ffffee00.serial: ttyS0 at MMIO 0xffffee00 (irq = 36) is a ATMEL_SERIAL
[9.146224 0.006288] console [ttyS0] enabled
[9.156260 0.010036] brd: module loaded
[9.170273 0.014013] loop: module loaded
[9.172534 0.002261] ssc f0008000.ssc: Atmel SSC device at 0xe0d20000 (irq 19)
[9.178382 0.005848] at24 1-0050: 32768 byte 24c256 EEPROM, writable, 64 bytes/write
[9.188164 0.009782] atmel_nand 60000000.nand: Using NFC
[9.193287 0.005123] atmel_nand: Use On Flash BBT
[9.195904 0.002617] atmel_nand 60000000.nand: Using dma0chan2 for DMA transfers.
[9.201495 0.005591] ONFI param page 0 valid
[9.203683 0.002188] ONFI flash detected
[9.205514 0.001831] NAND device: Manufacturer ID: 0x2c, Chip ID: 0xda (Micron MT29F2G08ABAEAWP), page size: 2048, OOB size: 64
[9.216275 0.010761] ONFI params, minimum required ECC: 4
[9.218458 0.002183] atmel_nand 60000000.nand: Initialize PMECC params, cap: 4, sector: 512
[9.224599 0.006141] atmel_nand 60000000.nand: Using NFC Sram
[9.228495 0.003896] Bad block table found at page 131008, version 0x01
[9.233370 0.004875] Bad block table found at page 130944, version 0x01
[9.238216 0.004846] 2 cmdlinepart partitions found on MTD device atmel_nand
[9.243181 0.004965] Creating 2 MTD partitions on "atmel_nand":
[9.247171 0.003990] 0x000000000000-0x000000800000 : "bootstrap/uboot/kernel"
[9.255198 0.008027] 0x000000800000-0x000010000000 : "rootfs"
[9.263586 0.008388] UBI: attaching mtd1 to ubi0
[9.266134 0.002548] UBI: physical eraseblock size:   131072 bytes (128 KiB)
[9.271111 0.004977] UBI: logical eraseblock size:    126976 bytes
[9.276574 0.005463] UBI: smallest flash I/O unit:    2048
[9.278648 0.002074] UBI: VID header offset:          2048 (aligned 2048)
[9.283326 0.004678] UBI: data offset:                4096
[10.182484 0.899158] UBI: max. sequence number:       5
[10.196300 0.013816] UBI: attached mtd1 to ubi0
[10.198613 0.002313] UBI: MTD device name:            "rootfs"
[10.202330 0.003717] UBI: MTD device size:            248 MiB
[10.205996 0.003666] UBI: number of good PEBs:        1980
[10.209399 0.003403] UBI: number of bad PEBs:         4
[10.212515 0.003116] UBI: number of corrupted PEBs:   0
[10.215709 0.003194] UBI: max. allowed volumes:       128
[10.219002 0.003293] UBI: wear-leveling threshold:    4096
[10.222410 0.003408] UBI: number of internal volumes: 1
[10.225546 0.003136] UBI: number of user volumes:     1
[10.228717 0.003171] UBI: available PEBs:             0
[10.231830 0.003113] UBI: total number of reserved PEBs: 1980
[10.235494 0.003664] UBI: number of PEBs reserved for bad PEB handling: 38
[10.240296 0.004802] UBI: max/mean erase counter: 1/0
[10.243263 0.002967] UBI: image sequence number:  1488210559
[10.247486 0.004223] atmel_spi f0004000.spi: Using dma0chan3 (tx) and  dma0chan4 (rx) for DMA transfers
[10.254843 0.007357] atmel_spi f0004000.spi: Atmel SPI Controller at 0xf0004000 (irq 18)
[10.261300 0.006457] UBI: background thread "ubi_bgt0d" started, PID 430
[10.266123 0.004823] atmel_spi f0004000.spi: master is unqueued, this is deprecated
[10.272766 0.006643] m25p80 spi32766.0: at25df321a (4096 Kbytes)
[10.282811 0.010045] CAN device driver interface
[10.287277 0.004466] at91_can f000c000.can: device registered (reg_base=e0d7a000, irq=20)
[10.295342 0.008065] at91_can f8010000.can: device registered (reg_base=e0d7c000, irq=28)
[10.302540 0.007198] macb f0028000.ethernet: (unregistered net_device): invalid hw address, using random
[10.315118 0.012578] libphy: MACB_mii_bus: probed
[10.317835 0.002717] macb f0028000.ethernet: eth0: Cadence GEM at 0xf0028000 irq 25 (aa:a6:51:97:8b:e7)
[10.325173 0.007338] macb f0028000.ethernet: eth0: attached PHY driver [Micrel KSZ9021 Gigabit PHY] (mii_bus:phy_addr=f0028000.etherne:07, irq=-1)
[10.336807 0.011634] ehci_hcd: USB 2.0 'Enhanced' Host Controller (EHCI) Driver
[10.342842 0.006035] atmel-ehci 700000.ehci: Atmel EHCI UHP HS
[10.346656 0.003814] atmel-ehci 700000.ehci: new USB bus registered, assigned bus number 1
[10.352967 0.006311] atmel-ehci 700000.ehci: irq 44, io mem 0x00700000
[10.374336 0.021369] atmel-ehci 700000.ehci: USB 2.0 started, EHCI 1.00
[10.378835 0.004499] usb usb1: New USB device found, idVendor=1d6b, idProduct=0002
[10.384338 0.005503] usb usb1: New USB device strings: Mfr=3, Product=2, SerialNumber=1
[10.390275 0.005937] usb usb1: Product: Atmel EHCI UHP HS
[10.393589 0.003314] usb usb1: Manufacturer: Linux 3.6.9+ ehci_hcd
[10.397674 0.004085] usb usb1: SerialNumber: 700000.ehci
[10.402600 0.004926] hub 1-0:1.0: USB hub found
[10.405072 0.002472] hub 1-0:1.0: 3 ports detected
[10.408515 0.003443] ohci_hcd: USB 1.1 'Open' Host Controller (OHCI) Driver
[10.413899 0.005384] at91_ohci 600000.ohci: AT91 OHCI
[10.416917 0.003018] at91_ohci 600000.ohci: new USB bus registered, assigned bus number 2
[10.423089 0.006172] at91_ohci 600000.ohci: irq 44, io mem 0x00600000
[10.488576 0.065487] usb usb2: New USB device found, idVendor=1d6b, idProduct=0001
[10.493951 0.005375] usb usb2: New USB device strings: Mfr=3, Product=2, SerialNumber=1
[10.499879 0.005928] usb usb2: Product: AT91 OHCI
[10.502505 0.002626] usb usb2: Manufacturer: Linux 3.6.9+ ohci_hcd
[10.506602 0.004097] usb usb2: SerialNumber: at91
[10.510950 0.004348] hub 2-0:1.0: USB hub found
[10.513399 0.002449] hub 2-0:1.0: 3 ports detected
[10.517439 0.004040] usbcore: registered new interface driver cdc_acm
[10.521744 0.004305] cdc_acm: USB Abstract Control Model driver for USB modems and ISDN adapters
[10.528492 0.006748] Initializing USB Mass Storage driver...
[10.532565 0.004073] usbcore: registered new interface driver usb-storage
[10.537270 0.004705] USB Mass Storage support registered.
[10.541695 0.004425] atmel_usba_udc 500000.gadget: MMIO registers at 0xf8030000 mapped at e0d88000
[10.548676 0.006981] atmel_usba_udc 500000.gadget: FIFO at 0x00500000 mapped at e2800000
[10.557633 0.008957] qt1070 1-001b: AT42QT1070 firmware version 15
[11.036012 0.478379] input: AT42QT1070 QTouch Sensor as /devices/ahb.0/apb.1/f0018000.i2c/i2c-1/1-001b/input/input0
[11.046786 0.010774] atmel_tsadcc f8018000.tsadcc: Master clock is set at: 66000000 Hz
[11.052618 0.005832] atmel_tsadcc f8018000.tsadcc: Prescaler is set at: 109
[11.058334 0.005716] input: atmel touch screen controller as /devices/ahb.0/apb.1/f8018000.tsadcc/input/input1
[11.068729 0.010395] at91_rtc fffffeb0.rtc: rtc core: registered fffffeb0.rtc as rtc0
[11.074478 0.005749] AT91 Real Time Clock driver.
[11.077491 0.003013] i2c /dev entries driver
[11.082608 0.005117] at91sam9x5-video f0030340.lcdheo1: video device registered @ 0xe0d82340, irq = 26
[11.090329 0.007721] gspca_main: v2.14.0 registered
[11.094745 0.004416] usbcore: registered new interface driver uvcvideo
[11.099178 0.004433] USB Video Class driver (1.1.1)
[11.105080 0.005902] usbcore: registered new interface driver usbhid
[11.109337 0.004257] usbhid: USB HID core driver
[11.116453 0.007116] wm8904 0-001a: revision A
[11.124499 0.008046] sama5d3ek-audio sound.5: setting pck0 to 32768Hz
[11.131829 0.007330] sama5d3ek-audio sound.5:  wm8904-hifi <-> f0008000.ssc mapping ok
[11.142521 0.010692] TCP: cubic registered
[11.144544 0.002023] NET: Registered protocol family 10
[11.148761 0.004217] sit: IPv6 over IPv4 tunneling driver
[11.153812 0.005051] NET: Registered protocol family 17
[11.156958 0.003146] can: controller area network core (rev 20120528 abi 9)
[11.161911 0.004953] NET: Registered protocol family 29
[11.165100 0.003189] lib80211: common routines for IEEE802.11 drivers
[11.169529 0.004429] VFP support v0.3: implementor 41 architecture 2 part 30 variant 5 rev 1
[11.179699 0.010170] at91_rtc fffffeb0.rtc: setting system clock to 2007-01-01 01:49:18 UTC (1167616158)
[11.189407 0.009708] atmel_mci f0000000.mmc: version: 0x505
[11.191353 0.001946] atmel_mci f0000000.mmc: using dma0chan5 for DMA transfers
[11.235339 0.043986] atmel_mci f0000000.mmc: Atmel MCI controller at 0xf0000000 irq 17, 1 slots
[11.242385 0.007046] atmel_mci f8000000.mmc: version: 0x505
[11.245968 0.003583] atmel_mci f8000000.mmc: using dma1chan0 for DMA transfers
[11.285434 0.039466] atmel_mci f8000000.mmc: Atmel MCI controller at 0xf8000000 irq 27, 1 slots
[11.293769 0.008335] atmel_aes f8038000.aes: version: 0x135
[11.298904 0.005135] atmel_aes f8038000.aes: Atmel AES
[11.302617 0.003713] atmel_tdes f803c000.tdes: version: 0x701
[11.308809 0.006192] atmel_tdes f803c000.tdes: Atmel DES/TDES
[11.313093 0.004284] atmel_sha f8034000.sha: version: 0x410
[11.317684 0.004591] atmel_sha f8034000.sha: Atmel SHA1/SHA256
[11.321999 0.004315] ALSA device list:
[11.323656 0.001657]   #0: wm8904 @ SAMA5D3EK
[11.351053 0.027397] UBIFS: recovery needed
[11.452268 0.101215] UBIFS: recovery completed
[11.454568 0.002300] UBIFS: mounted UBI device 0, volume 0, name "rootfs"
[11.459286 0.004718] UBIFS: file system size:   244682752 bytes (238948 KiB, 233 MiB, 1927 LEBs)
[11.466086 0.006800] UBIFS: journal size:       9023488 bytes (8812 KiB, 8 MiB, 72 LEBs)
[11.472023 0.005937] UBIFS: media format:       w4/r0 (latest is w4/r0)
[11.476565 0.004542] UBIFS: default compressor: lzo
[11.479359 0.002794] UBIFS: reserved for root:  0 bytes (0 KiB)
[11.484691 0.005332] VFS: Mounted root (ubifs filesystem) on device 0:11.
[11.490073 0.005382] devtmpfs: mounted
[11.492141 0.002068] Freeing init memory: 148K
[11.567217 0.075076] init started: BusyBox v1.21.0 (2013-08-09 12:47:55 CEST)
[11.678540 0.111323] Starting logging: OK
[11.744441 0.065901] Starting portmap: done
[11.809098 0.064657] Initializing random number generator... done.
[11.850075 0.040977] ALSA: Restoring mixer settings...
[11.862183 0.012108] Starting network...
[12.009951 0.147768] Starting sshd: OK
[12.411087 0.401136] 
[12.411259 0.000172] Starting video player
[12.476961 0.065702] 
[12.477508 0.000547] Welcome to Buildroot
[12.479372 0.001864] buildroot login: 
[13.667242 1.187870] Done playing video
