pd@polark:~
$ sudo picocom -b 115200 /dev/ttyUSB0
picocom v3.1

port is        : /dev/ttyUSB0
flowcontrol    : none
baudrate is    : 115200
parity is      : none
databits are   : 8
stopbits are   : 1
escape is      : C-a
local echo is  : no
noinit is      : no
noreset is     : no
hangup is      : no
nolock is      : no
send_cmd is    : sz -vv
receive_cmd is : rz -vv -E
imap is        : 
omap is        : 
emap is        : crcrlf,delbs,
logfile is     : none
initstring     : none
exit_after is  : not set
exit is        : no

Type [C-a] [C-h] to see available commands
Terminal ready

U-Boot SPL 2018.05 (Aug 18 2019 - 17:54:13 +0200)
Trying to boot from MMC1


U-Boot 2018.05 (Aug 18 2019 - 17:54:13 +0200)

CPU  : AM335X-GP rev 2.1
I2C:   ready
DRAM:  512 MiB
No match for driver 'omap_hsmmc'
No match for driver 'omap_hsmmc'
Some drivers were not found
MMC:   OMAP SD/MMC: 0, OMAP SD/MMC: 1
<ethaddr> not set. Validating first E-fuse MAC
Net:   cpsw, usb_ether
Press SPACE to abort autoboot in 2 seconds
3359648 bytes read in 216 ms (14.8 MiB/s)
35947 bytes read in 5 ms (6.9 MiB/s)
## Flattened Device Tree blob at 82000000
   Booting using the fdt blob at 0x82000000
   Loading Device Tree to 8fff4000, end 8ffffc6a ... OK

Starting kernel ...

[    0.000000] Booting Linux on physical CPU 0x0
[    0.000000] Linux version 4.17.0 (mike@mike-laptop) (gcc version 7.3.0 (Ubuntu/Linaro 7.3.0-27ubuntu1~18.04)) #1 SMP Thu Nov 22 22:18:28 CET 2018
[    0.000000] CPU: ARMv7 Processor [413fc082] revision 2 (ARMv7), cr=10c5387d
[    0.000000] CPU: PIPT / VIPT nonaliasing data cache, VIPT aliasing instruction cache
[    0.000000] OF: fdt: Machine model: TI AM335x BeagleBone Black Wireless
[    0.000000] Memory policy: Data cache writeback
[    0.000000] cma: Reserved 16 MiB at 0x9f000000
[    0.000000] CPU: All CPU(s) started in SVC mode.
[    0.000000] AM335X ES2.1 (sgx neon)
[    0.000000] random: get_random_bytes called from start_kernel+0x8c/0x498 with crng_init=0
[    0.000000] percpu: Embedded 15 pages/cpu @(ptrval) s39248 r0 d22192 u61440
[    0.000000] Built 1 zonelists, mobility grouping on.  Total pages: 129920
[    0.000000] Kernel command line: console=ttyO0,115200n8
[    0.000000] Dentry cache hash table entries: 65536 (order: 6, 262144 bytes)
[    0.000000] Inode-cache hash table entries: 32768 (order: 5, 131072 bytes)
[    0.000000] Memory: 485660K/524288K available (5120K kernel code, 353K rwdata, 1416K rodata, 2048K init, 7395K bss, 22244K reserved, 16384K cma-reserved, 0K highmem)
[    0.000000] Virtual kernel memory layout:
[    0.000000]     vector  : 0xffff0000 - 0xffff1000   (   4 kB)
[    0.000000]     fixmap  : 0xffc00000 - 0xfff00000   (3072 kB)
[    0.000000]     vmalloc : 0xe0800000 - 0xff800000   ( 496 MB)
[    0.000000]     lowmem  : 0xc0000000 - 0xe0000000   ( 512 MB)
[    0.000000]     pkmap   : 0xbfe00000 - 0xc0000000   (   2 MB)
[    0.000000]       .text : 0x(ptrval) - 0x(ptrval)   (6112 kB)
[    0.000000]       .init : 0x(ptrval) - 0x(ptrval)   (2048 kB)
[    0.000000]       .data : 0x(ptrval) - 0x(ptrval)   ( 354 kB)
[    0.000000]        .bss : 0x(ptrval) - 0x(ptrval)   (7396 kB)
[    0.000000] Running RCU self tests
[    0.000000] Hierarchical RCU implementation.
[    0.000000] 	RCU event tracing is enabled.
[    0.000000] 	RCU lockdep checking is enabled.
[    0.000000] 	RCU restricting CPUs from NR_CPUS=2 to nr_cpu_ids=1.
[    0.000000] RCU: Adjusting geometry for rcu_fanout_leaf=16, nr_cpu_ids=1
[    0.000000] NR_IRQS: 16, nr_irqs: 16, preallocated irqs: 16
[    0.000000] IRQ: Found an INTC at 0x(ptrval) (revision 5.0) with 128 interrupts
[    0.000000] OMAP clockevent source: timer2 at 24000000 Hz
[    0.000018] sched_clock: 32 bits at 24MHz, resolution 41ns, wraps every 89478484971ns
[    0.000052] clocksource: timer1: mask: 0xffffffff max_cycles: 0xffffffff, max_idle_ns: 79635851949 ns
[    0.000108] OMAP clocksource: timer1 at 24000000 Hz
[    0.000461] timer_probe: no matching timers found
[    0.001402] Console: colour dummy device 80x30
[    0.001466] WARNING: Your 'console=ttyO0' has been replaced by 'ttyS0'
[    0.001483] This ensures that you still see kernel messages. Please
[    0.001498] update your kernel commandline.
[    0.001514] Lock dependency validator: Copyright (c) 2006 Red Hat, Inc., Ingo Molnar
[    0.001529] ... MAX_LOCKDEP_SUBCLASSES:  8
[    0.001544] ... MAX_LOCK_DEPTH:          48
[    0.001559] ... MAX_LOCKDEP_KEYS:        8191
[    0.001574] ... CLASSHASH_SIZE:          4096
[    0.001588] ... MAX_LOCKDEP_ENTRIES:     32768
[    0.001603] ... MAX_LOCKDEP_CHAINS:      65536
[    0.001617] ... CHAINHASH_SIZE:          32768
[    0.001632]  memory used by lock dependency info: 4655 kB
[    0.001646]  per task-struct memory footprint: 1536 bytes
[    0.001684] Calibrating delay loop... 996.14 BogoMIPS (lpj=4980736)
[    0.078568] pid_max: default: 32768 minimum: 301
[    0.078983] Security Framework initialized
[    0.079155] Mount-cache hash table entries: 1024 (order: 0, 4096 bytes)
[    0.079181] Mountpoint-cache hash table entries: 1024 (order: 0, 4096 bytes)
[    0.082788] CPU: Testing write buffer coherency: ok
[    0.084415] CPU0: thread -1, cpu 0, socket -1, mpidr 0
[    0.086466] Setting up static identity map for 0x80100000 - 0x80100078
[    0.087077] Hierarchical SRCU implementation.
[    0.089044] smp: Bringing up secondary CPUs ...
[    0.089072] smp: Brought up 1 node, 1 CPU
[    0.089091] SMP: Total of 1 processors activated (996.14 BogoMIPS).
[    0.089108] CPU: All CPU(s) started in SVC mode.
[    0.092553] devtmpfs: initialized
[    0.119056] VFP support v0.3: implementor 41 architecture 3 part 30 variant c rev 3
[    0.119895] clocksource: jiffies: mask: 0xffffffff max_cycles: 0xffffffff, max_idle_ns: 19112604462750000 ns
[    0.119971] futex hash table entries: 256 (order: 2, 16384 bytes)
[    0.121640] pinctrl core: initialized pinctrl subsystem
[    0.131815] DMA: preallocated 256 KiB pool for atomic coherent allocations
[    0.185034] l4_wkup_cm:clk:0010:0: failed to disable
[    0.240534] cpuidle: using governor menu
[    0.253473] OMAP GPIO hardware version 0.1
[    0.259309] GPIO line 106 (LS_BUF_EN) hogged as output/high
[    0.276360] No ATAGs?
[    0.276386] hw-breakpoint: debug architecture 0x4 unsupported.
[    0.291013] cryptd: max_cpu_qlen set to 1000
[    0.306982] edma 49000000.edma: TI EDMA DMA engine driver
[    0.313964] SCSI subsystem initialized
[    0.314583] omap_i2c 44e0b000.i2c: could not find pctldev for node /ocp/l4_wkup@44c00000/scm@210000/pinmux@800/pinmux_i2c0_pins, deferring probe
[    0.314704] omap_i2c 4819c000.i2c: could not find pctldev for node /ocp/l4_wkup@44c00000/scm@210000/pinmux@800/pinmux_i2c2_pins, deferring probe
[    0.315111] pps_core: LinuxPPS API ver. 1 registered
[    0.315134] pps_core: Software ver. 5.3.6 - Copyright 2005-2007 Rodolfo Giometti <giometti@linux.it>
[    0.316350] omap-mailbox 480c8000.mailbox: omap mailbox rev 0x400
[    0.318219] clocksource: Switched to clocksource timer1
[    0.524350] hw perfevents: enabled with armv7_cortex_a8 PMU driver, 5 counters available
[    0.535401] workingset: timestamp_bits=14 max_order=17 bucket_order=3
[    0.552346] io scheduler noop registered
[    0.552388] io scheduler deadline registered
[    0.552572] io scheduler cfq registered (default)
[    0.552598] io scheduler mq-deadline registered
[    0.552617] io scheduler kyber registered
[    0.555277] pinctrl-single 44e10800.pinmux: 142 pins, size 568
[    0.562842] wkup_m3_ipc 44e11324.wkup_m3_ipc: could not get rproc handle
[    0.565273] Serial: 8250/16550 driver, 6 ports, IRQ sharing enabled
[    0.578683] 44e09000.serial: ttyS0 at MMIO 0x44e09000 (irq = 30, base_baud = 3000000) is a 8250
[    1.159767] console [ttyS0] enabled
[    1.166528] 481a6000.serial: ttyS3 at MMIO 0x481a6000 (irq = 31, base_baud = 3000000) is a 8250
[    1.175946] serial serial0: tty port ttyS3 registered
[    1.184942] omap_rng 48310000.rng: Random Number Generator ver. 20
[    1.195511] Error: Driver 'tfp410' is already registered, aborting...
[    1.206347] mousedev: PS/2 mouse device common for all mice
[    1.215399] i2c /dev entries driver
[    1.221595] omap_wdt: OMAP Watchdog Timer Rev 0x01: initial timeout 60 sec
[    1.232365] sdhci: Secure Digital Host Controller Interface driver
[    1.238788] sdhci: Copyright(c) Pierre Ossman
[    1.244319] omap_hsmmc 48060000.mmc: Got CD GPIO
[    1.343272] mmc0: host does not support reading read-only switch, assuming write-enable
[    1.355900] mmc0: new high speed SDHC card at address aaaa
[    1.364953] mmcblk0: mmc0:aaaa SU08G 7.40 GiB 
[    1.377654]  mmcblk0: p1
[    1.385555] mmc1: new high speed MMC card at address 0001
[    1.393744] mmcblk1: mmc1:0001 M62704 3.56 GiB 
[    1.399936] mmcblk1boot0: mmc1:0001 M62704 partition 1 2.00 MiB
[    1.407284] mmcblk1boot1: mmc1:0001 M62704 partition 2 2.00 MiB
[    1.414634] mmcblk1rpmb: mmc1:0001 M62704 partition 3 512 KiB, chardev (249:0)
[    1.424582]  mmcblk1: p1
[    1.438655] sdhci-pltfm: SDHCI platform and OF driver helper
[    1.447950] ledtrig-cpu: registered to indicate activity on CPUs
[    1.457173] remoteproc remoteproc0: wkup_m3 is available
[    1.466043] oprofile: using arm/armv7
[    1.469981] omap_voltage_late_init: Voltage driver support not added
[    1.477288] ThumbEE CPU extension supported.
[    1.481751] Registering SWP/SWPB emulation handler
[    1.494934] random: fast init done
[    1.604787] input: tps65217_pwrbutton as /devices/platform/ocp/44e0b000.i2c/i2c-0/0-0024/tps65217-pwrbutton/input/input0
[    1.618776] tps65217 0-0024: TPS65217 ID 0xe version 1.2
[    1.626667] at24 0-0050: 32768 byte 24c256 EEPROM, writable, 1 bytes/write
[    1.782895] tda998x 0-0070: found TDA19988
[    1.789810] tilcdc 4830e000.lcdc: bound 0-0070 (ops tda998x_ops)
[    1.795899] [drm] Supports vblank timestamp caching Rev 2 (21.10.2013).
[    1.802691] [drm] No driver support for vblank timestamp query.
[    1.810876] [drm] Cannot find any crtc or sizes
[    1.819758] [drm] Initialized tilcdc 1.0.0 20121205 for 4830e000.lcdc on minor 0
[    1.827685] omap_i2c 44e0b000.i2c: bus 0 rev0.11 at 400 kHz
[    1.949400] omap_i2c 4819c000.i2c: bus 2 rev0.11 at 100 kHz
[    1.958698] remoteproc remoteproc0: powering up wkup_m3
[    1.966853] remoteproc remoteproc0: Direct firmware load for am335x-pm-firmware.elf failed with error -2
[    1.976820] remoteproc remoteproc0: request_firmware failed: -2
[    1.982907] wkup_m3_ipc 44e11324.wkup_m3_ipc: rproc_boot failed
[    1.996866] wlan-en-regulator: disabling
[    2.007746] Freeing unused kernel memory: 2048K
[    2.893191] [drm] Cannot find any crtc or sizes
1+0 records in
1+0 records out
/mnt/mmc0/MBR /MBR differ: char 448, line 1
Rewriting partition table
1+0 records in
1+0 records out
umount: none busy - remounted read-only
umount: can't umount /: Invalid argument
The system is going down NOW!
Sent SIGTERM to all processes
Sent SIGKILL to all processes
Requesting system reboot
[    9.395799] reboot: Restarting system

U-Boot SPL 2018.05 (Aug 18 2019 - 17:54:13 +0200)
Trying to boot from MMC1


U-Boot 2018.05 (Aug 18 2019 - 17:54:13 +0200)

CPU  : AM335X-GP rev 2.1
I2C:   ready
DRAM:  512 MiB
No match for driver 'omap_hsmmc'
No match for driver 'omap_hsmmc'
Some drivers were not found
MMC:   OMAP SD/MMC: 0, OMAP SD/MMC: 1
<ethaddr> not set. Validating first E-fuse MAC
Net:   cpsw, usb_ether
Press SPACE to abort autoboot in 2 seconds
3359648 bytes read in 212 ms (15.1 MiB/s)
35947 bytes read in 5 ms (6.9 MiB/s)
## Flattened Device Tree blob at 82000000
   Booting using the fdt blob at 0x82000000
   Loading Device Tree to 8fff4000, end 8ffffc6a ... OK

Starting kernel ...

[    0.000000] Booting Linux on physical CPU 0x0
[    0.000000] Linux version 4.17.0 (mike@mike-laptop) (gcc version 7.3.0 (Ubuntu/Linaro 7.3.0-27ubuntu1~18.04)) #1 SMP Thu Nov 22 22:18:28 CET 2018
[    0.000000] CPU: ARMv7 Processor [413fc082] revision 2 (ARMv7), cr=10c5387d
[    0.000000] CPU: PIPT / VIPT nonaliasing data cache, VIPT aliasing instruction cache
[    0.000000] OF: fdt: Machine model: TI AM335x BeagleBone Black Wireless
[    0.000000] Memory policy: Data cache writeback
[    0.000000] cma: Reserved 16 MiB at 0x9f000000
[    0.000000] CPU: All CPU(s) started in SVC mode.
[    0.000000] AM335X ES2.1 (sgx neon)
[    0.000000] random: get_random_bytes called from start_kernel+0x8c/0x498 with crng_init=0
[    0.000000] percpu: Embedded 15 pages/cpu @(ptrval) s39248 r0 d22192 u61440
[    0.000000] Built 1 zonelists, mobility grouping on.  Total pages: 129920
[    0.000000] Kernel command line: console=ttyO0,115200n8
[    0.000000] Dentry cache hash table entries: 65536 (order: 6, 262144 bytes)
[    0.000000] Inode-cache hash table entries: 32768 (order: 5, 131072 bytes)
[    0.000000] Memory: 485660K/524288K available (5120K kernel code, 353K rwdata, 1416K rodata, 2048K init, 7395K bss, 22244K reserved, 16384K cma-reserved, 0K highmem)
[    0.000000] Virtual kernel memory layout:
[    0.000000]     vector  : 0xffff0000 - 0xffff1000   (   4 kB)
[    0.000000]     fixmap  : 0xffc00000 - 0xfff00000   (3072 kB)
[    0.000000]     vmalloc : 0xe0800000 - 0xff800000   ( 496 MB)
[    0.000000]     lowmem  : 0xc0000000 - 0xe0000000   ( 512 MB)
[    0.000000]     pkmap   : 0xbfe00000 - 0xc0000000   (   2 MB)
[    0.000000]       .text : 0x(ptrval) - 0x(ptrval)   (6112 kB)
[    0.000000]       .init : 0x(ptrval) - 0x(ptrval)   (2048 kB)
[    0.000000]       .data : 0x(ptrval) - 0x(ptrval)   ( 354 kB)
[    0.000000]        .bss : 0x(ptrval) - 0x(ptrval)   (7396 kB)
[    0.000000] Running RCU self tests
[    0.000000] Hierarchical RCU implementation.
[    0.000000] 	RCU event tracing is enabled.
[    0.000000] 	RCU lockdep checking is enabled.
[    0.000000] 	RCU restricting CPUs from NR_CPUS=2 to nr_cpu_ids=1.
[    0.000000] RCU: Adjusting geometry for rcu_fanout_leaf=16, nr_cpu_ids=1
[    0.000000] NR_IRQS: 16, nr_irqs: 16, preallocated irqs: 16
[    0.000000] IRQ: Found an INTC at 0x(ptrval) (revision 5.0) with 128 interrupts
[    0.000000] OMAP clockevent source: timer2 at 24000000 Hz
[    0.000016] sched_clock: 32 bits at 24MHz, resolution 41ns, wraps every 89478484971ns
[    0.000051] clocksource: timer1: mask: 0xffffffff max_cycles: 0xffffffff, max_idle_ns: 79635851949 ns
[    0.000108] OMAP clocksource: timer1 at 24000000 Hz
[    0.000462] timer_probe: no matching timers found
[    0.001394] Console: colour dummy device 80x30
[    0.001458] WARNING: Your 'console=ttyO0' has been replaced by 'ttyS0'
[    0.001475] This ensures that you still see kernel messages. Please
[    0.001490] update your kernel commandline.
[    0.001506] Lock dependency validator: Copyright (c) 2006 Red Hat, Inc., Ingo Molnar
[    0.001521] ... MAX_LOCKDEP_SUBCLASSES:  8
[    0.001535] ... MAX_LOCK_DEPTH:          48
[    0.001549] ... MAX_LOCKDEP_KEYS:        8191
[    0.001564] ... CLASSHASH_SIZE:          4096
[    0.001578] ... MAX_LOCKDEP_ENTRIES:     32768
[    0.001593] ... MAX_LOCKDEP_CHAINS:      65536
[    0.001607] ... CHAINHASH_SIZE:          32768
[    0.001622]  memory used by lock dependency info: 4655 kB
[    0.001637]  per task-struct memory footprint: 1536 bytes
[    0.001676] Calibrating delay loop... 996.14 BogoMIPS (lpj=4980736)
[    0.078557] pid_max: default: 32768 minimum: 301
[    0.078974] Security Framework initialized
[    0.079148] Mount-cache hash table entries: 1024 (order: 0, 4096 bytes)
[    0.079173] Mountpoint-cache hash table entries: 1024 (order: 0, 4096 bytes)
[    0.082748] CPU: Testing write buffer coherency: ok
[    0.084379] CPU0: thread -1, cpu 0, socket -1, mpidr 0
[    0.086433] Setting up static identity map for 0x80100000 - 0x80100078
[    0.087042] Hierarchical SRCU implementation.
[    0.089014] smp: Bringing up secondary CPUs ...
[    0.089041] smp: Brought up 1 node, 1 CPU
[    0.089060] SMP: Total of 1 processors activated (996.14 BogoMIPS).
[    0.089077] CPU: All CPU(s) started in SVC mode.
[    0.092530] devtmpfs: initialized
[    0.119051] VFP support v0.3: implementor 41 architecture 3 part 30 variant c rev 3
[    0.119896] clocksource: jiffies: mask: 0xffffffff max_cycles: 0xffffffff, max_idle_ns: 19112604462750000 ns
[    0.119972] futex hash table entries: 256 (order: 2, 16384 bytes)
[    0.121647] pinctrl core: initialized pinctrl subsystem
[    0.131826] DMA: preallocated 256 KiB pool for atomic coherent allocations
[    0.185093] l4_wkup_cm:clk:0010:0: failed to disable
[    0.240609] cpuidle: using governor menu
[    0.253504] OMAP GPIO hardware version 0.1
[    0.259348] GPIO line 106 (LS_BUF_EN) hogged as output/high
[    0.276374] No ATAGs?
[    0.276400] hw-breakpoint: debug architecture 0x4 unsupported.
[    0.291042] cryptd: max_cpu_qlen set to 1000
[    0.307032] edma 49000000.edma: TI EDMA DMA engine driver
[    0.314025] SCSI subsystem initialized
[    0.314645] omap_i2c 44e0b000.i2c: could not find pctldev for node /ocp/l4_wkup@44c00000/scm@210000/pinmux@800/pinmux_i2c0_pins, deferring probe
[    0.314770] omap_i2c 4819c000.i2c: could not find pctldev for node /ocp/l4_wkup@44c00000/scm@210000/pinmux@800/pinmux_i2c2_pins, deferring probe
[    0.315169] pps_core: LinuxPPS API ver. 1 registered
[    0.315191] pps_core: Software ver. 5.3.6 - Copyright 2005-2007 Rodolfo Giometti <giometti@linux.it>
[    0.316408] omap-mailbox 480c8000.mailbox: omap mailbox rev 0x400
[    0.318291] clocksource: Switched to clocksource timer1
[    0.524325] hw perfevents: enabled with armv7_cortex_a8 PMU driver, 5 counters available
[    0.535316] workingset: timestamp_bits=14 max_order=17 bucket_order=3
[    0.552341] io scheduler noop registered
[    0.552383] io scheduler deadline registered
[    0.552571] io scheduler cfq registered (default)
[    0.552596] io scheduler mq-deadline registered
[    0.552616] io scheduler kyber registered
[    0.555259] pinctrl-single 44e10800.pinmux: 142 pins, size 568
[    0.562722] wkup_m3_ipc 44e11324.wkup_m3_ipc: could not get rproc handle
[    0.565256] Serial: 8250/16550 driver, 6 ports, IRQ sharing enabled
[    0.578675] 44e09000.serial: ttyS0 at MMIO 0x44e09000 (irq = 30, base_baud = 3000000) is a 8250
[    1.159752] console [ttyS0] enabled
[    1.166517] 481a6000.serial: ttyS3 at MMIO 0x481a6000 (irq = 31, base_baud = 3000000) is a 8250
[    1.175923] serial serial0: tty port ttyS3 registered
[    1.184906] omap_rng 48310000.rng: Random Number Generator ver. 20
[    1.195479] Error: Driver 'tfp410' is already registered, aborting...
[    1.206334] mousedev: PS/2 mouse device common for all mice
[    1.215399] i2c /dev entries driver
[    1.221602] omap_wdt: OMAP Watchdog Timer Rev 0x01: initial timeout 60 sec
[    1.232394] sdhci: Secure Digital Host Controller Interface driver
[    1.238810] sdhci: Copyright(c) Pierre Ossman
[    1.244338] omap_hsmmc 48060000.mmc: Got CD GPIO
[    1.343146] mmc0: host does not support reading read-only switch, assuming write-enable
[    1.355689] mmc0: new high speed SDHC card at address aaaa
[    1.364805] mmcblk0: mmc0:aaaa SU08G 7.40 GiB 
[    1.371323] mmc1: new high speed MMC card at address 0001
[    1.379025] mmcblk1: mmc1:0001 M62704 3.56 GiB 
[    1.385088] mmcblk1boot0: mmc1:0001 M62704 partition 1 2.00 MiB
[    1.392983] mmcblk1boot1: mmc1:0001 M62704 partition 2 2.00 MiB
[    1.403723] mmcblk1rpmb: mmc1:0001 M62704 partition 3 512 KiB, chardev (249:0)
[    1.413397]  mmcblk0: p1
[    1.422319]  mmcblk1: p1 p2
[    1.426129] sdhci-pltfm: SDHCI platform and OF driver helper
[    1.444002] ledtrig-cpu: registered to indicate activity on CPUs
[    1.453353] remoteproc remoteproc0: wkup_m3 is available
[    1.462272] oprofile: using arm/armv7
[    1.466043] omap_voltage_late_init: Voltage driver support not added
[    1.473512] ThumbEE CPU extension supported.
[    1.477855] Registering SWP/SWPB emulation handler
[    1.508558] random: fast init done
[    1.594648] input: tps65217_pwrbutton as /devices/platform/ocp/44e0b000.i2c/i2c-0/0-0024/tps65217-pwrbutton/input/input0
[    1.608659] tps65217 0-0024: TPS65217 ID 0xe version 1.2
[    1.616609] at24 0-0050: 32768 byte 24c256 EEPROM, writable, 1 bytes/write
[    1.772972] tda998x 0-0070: found TDA19988
[    1.779863] tilcdc 4830e000.lcdc: bound 0-0070 (ops tda998x_ops)
[    1.785948] [drm] Supports vblank timestamp caching Rev 2 (21.10.2013).
[    1.792738] [drm] No driver support for vblank timestamp query.
[    1.800877] [drm] Cannot find any crtc or sizes
[    1.809730] [drm] Initialized tilcdc 1.0.0 20121205 for 4830e000.lcdc on minor 0
[    1.817663] omap_i2c 44e0b000.i2c: bus 0 rev0.11 at 400 kHz
[    1.939603] omap_i2c 4819c000.i2c: bus 2 rev0.11 at 100 kHz
[    1.948897] remoteproc remoteproc0: powering up wkup_m3
[    1.957081] remoteproc remoteproc0: Direct firmware load for am335x-pm-firmware.elf failed with error -2
[    1.967051] remoteproc remoteproc0: request_firmware failed: -2
[    1.973136] wkup_m3_ipc 44e11324.wkup_m3_ipc: rproc_boot failed
[    1.987149] wlan-en-regulator: disabling
[    1.998046] Freeing unused kernel memory: 2048K
[    2.810981] [drm] Cannot find any crtc or sizes
1+0 records in
1+0 records out
dd: writing '/dev/mmcblk1boot1': No space left on device
4097+0 records in
4096+0 records out
mount: mounting /dev/mmcblk1p1 on /mnt/mmc1 failed: Invalid argument
eMMC flashing successful

Please press Enter to activate this console. 

