[    0.000000]   Normal zone: 0 pages reserved
[    0.000000]   Normal zone: 130048 pages, LIFO batch:31
[    0.000000] Clocks: CPU 528 MHz, master 132 MHz, main 12.000 MHz
[    0.000000] pcpu-alloc: s0 r0 d32768 u32768 alloc=1*32768
[    0.000000] pcpu-alloc: [0] 0 
[    0.000000] Built 1 zonelists in Zone order, mobility grouping on.  Total pages: 130048
[    0.000000] Kernel command line: console=ttyS0,115200 mtdparts=atmel_nand:8M(bootstrap/uboot/kernel)ro,-(rootfs) rw rootfstype=ubifs ubi.mtd=1 root=ubi0:rootfs initcall_debug printk.time=1
[    0.000000] PID hash table entries: 2048 (order: 1, 8192 bytes)
[    0.000000] Dentry cache hash table entries: 65536 (order: 6, 262144 bytes)
[    0.000000] Inode-cache hash table entries: 32768 (order: 5, 131072 bytes)
[    0.000000] Memory: 512MB = 512MB total
[    0.000000] Memory: 514088k/514088k available, 10200k reserved, 0K highmem
[    0.000000] Virtual kernel memory layout:
[    0.000000]     vector  : 0xffff0000 - 0xffff1000   (   4 kB)
[    0.000000]     fixmap  : 0xfff00000 - 0xfffe0000   ( 896 kB)
[    0.000000]     vmalloc : 0xe0800000 - 0xff000000   ( 488 MB)
[    0.000000]     lowmem  : 0xc0000000 - 0xe0000000   ( 512 MB)
[    0.000000]     modules : 0xbf000000 - 0xc0000000   (  16 MB)
[    0.000000]       .text : 0xc0008000 - 0xc04f8d68   (5060 kB)
[    0.000000]       .init : 0xc04f9000 - 0xc051ecec   ( 152 kB)
[    0.000000]       .data : 0xc0520000 - 0xc0550900   ( 195 kB)
[    0.000000]        .bss : 0xc0550924 - 0xc0574c68   ( 145 kB)
[    0.000000] NR_IRQS:16 nr_irqs:16 16
[    0.000000] sched_clock: 32 bits at 100 Hz, resolution 10000000ns, wraps every 4294967286ms
[    0.000000] Console: colour dummy device 80x30
[    0.070000] Calibrating delay loop... 262.96 BogoMIPS (lpj=1314816)
[    0.070000] pid_max: default: 32768 minimum: 301
[    0.070000] Mount-cache hash table entries: 512
[    0.070000] CPU: Testing write buffer coherency: ok
[    0.070000] calling  init_static_idmap+0x0/0xe4 @ 1
[    0.070000] Setting up static identity map for 0x203b4c08 - 0x203b4c60
[    0.070000] initcall init_static_idmap+0x0/0xe4 returned 0 after 0 usecs
[    0.070000] calling  spawn_ksoftirqd+0x0/0x3c @ 1
[    0.070000] initcall spawn_ksoftirqd+0x0/0x3c returned 0 after 0 usecs
[    0.070000] calling  init_workqueues+0x0/0x2c8 @ 1
[    0.070000] initcall init_workqueues+0x0/0x2c8 returned 0 after 0 usecs
[    0.070000] calling  rcu_scheduler_really_started+0x0/0x34 @ 1
[    0.070000] initcall rcu_scheduler_really_started+0x0/0x34 returned 0 after 0 usecs
[    0.070000] devtmpfs: initialized
[    0.070000] calling  ipc_ns_init+0x0/0x18 @ 1
[    0.070000] initcall ipc_ns_init+0x0/0x18 returned 0 after 0 usecs
[    0.070000] calling  init_mmap_min_addr+0x0/0x20 @ 1
[    0.070000] initcall init_mmap_min_addr+0x0/0x20 returned 0 after 0 usecs
[    0.070000] calling  net_ns_init+0x0/0x168 @ 1
[    0.070000] initcall net_ns_init+0x0/0x168 returned 0 after 0 usecs
[    0.070000] calling  ptrace_break_init+0x0/0x2c @ 1
[    0.070000] initcall ptrace_break_init+0x0/0x2c returned 0 after 0 usecs
[    0.070000] calling  v6_userpage_init+0x0/0x8 @ 1
[    0.070000] initcall v6_userpage_init+0x0/0x8 returned 0 after 0 usecs
[    0.070000] calling  ksysfs_init+0x0/0xa0 @ 1
[    0.070000] initcall ksysfs_init+0x0/0xa0 returned 0 after 0 usecs
[    0.070000] calling  pm_init+0x0/0x98 @ 1
[    0.070000] initcall pm_init+0x0/0x98 returned 0 after 0 usecs
[    0.070000] calling  init_jiffies_clocksource+0x0/0xc @ 1
[    0.070000] initcall init_jiffies_clocksource+0x0/0xc returned 0 after 0 usecs
[    0.070000] calling  cpu_pm_init+0x0/0x18 @ 1
[    0.070000] initcall cpu_pm_init+0x0/0x18 returned 0 after 0 usecs
[    0.070000] calling  init_zero_pfn+0x0/0x44 @ 1
[    0.070000] initcall init_zero_pfn+0x0/0x44 returned 0 after 0 usecs
[    0.070000] calling  fsnotify_init+0x0/0x24 @ 1
[    0.070000] initcall fsnotify_init+0x0/0x24 returned 0 after 0 usecs
[    0.070000] calling  filelock_init+0x0/0x40 @ 1
[    0.070000] initcall filelock_init+0x0/0x40 returned 0 after 0 usecs
[    0.070000] calling  init_script_binfmt+0x0/0x1c @ 1
[    0.070000] initcall init_script_binfmt+0x0/0x1c returned 0 after 0 usecs
[    0.070000] calling  init_elf_binfmt+0x0/0x1c @ 1
[    0.070000] initcall init_elf_binfmt+0x0/0x1c returned 0 after 0 usecs
[    0.070000] calling  debugfs_init+0x0/0x64 @ 1
[    0.070000] initcall debugfs_init+0x0/0x64 returned 0 after 0 usecs
[    0.070000] calling  random32_init+0x0/0x94 @ 1
[    0.070000] initcall random32_init+0x0/0x94 returned 0 after 0 usecs
[    0.070000] calling  pinctrl_init+0x0/0xcc @ 1
[    0.070000] pinctrl core: initialized pinctrl subsystem
[    0.070000] initcall pinctrl_init+0x0/0xcc returned 0 after 0 usecs
[    0.070000] calling  atmel_late_console_init+0x0/0x44 @ 1
[    0.070000] initcall atmel_late_console_init+0x0/0x44 returned 0 after 0 usecs
[    0.070000] calling  sock_init+0x0/0x98 @ 1
[    0.070000] initcall sock_init+0x0/0x98 returned 0 after 0 usecs
[    0.070000] calling  netlink_proto_init+0x0/0x1b0 @ 1
[    0.070000] NET: Registered protocol family 16
[    0.070000] initcall netlink_proto_init+0x0/0x1b0 returned 0 after 0 usecs
[    0.080000] calling  atomic_pool_init+0x0/0x104 @ 1
[    0.080000] DMA: preallocated 256 KiB pool for atomic coherent allocations
[    0.080000] initcall atomic_pool_init+0x0/0x104 returned 0 after 0 usecs
[    0.080000] calling  at91_gpio_debugfs_init+0x0/0x38 @ 1
[    0.080000] initcall at91_gpio_debugfs_init+0x0/0x38 returned 0 after 0 usecs
[    0.080000] calling  at91_clk_debugfs_init+0x0/0x38 @ 1
[    0.080000] initcall at91_clk_debugfs_init+0x0/0x38 returned 0 after 0 usecs
[    0.080000] calling  bdi_class_init+0x0/0x58 @ 1
[    0.080000] initcall bdi_class_init+0x0/0x58 returned 0 after 0 usecs
[    0.080000] calling  kobject_uevent_init+0x0/0x20 @ 1
[    0.080000] initcall kobject_uevent_init+0x0/0x20 returned 0 after 0 usecs
[    0.080000] calling  gpiolib_sysfs_init+0x0/0x7c @ 1
[    0.080000] initcall gpiolib_sysfs_init+0x0/0x7c returned 0 after 0 usecs
[    0.080000] calling  backlight_class_init+0x0/0x70 @ 1
[    0.080000] initcall backlight_class_init+0x0/0x70 returned 0 after 0 usecs
[    0.080000] calling  tty_class_init+0x0/0x44 @ 1
[    0.080000] initcall tty_class_init+0x0/0x44 returned 0 after 0 usecs
[    0.080000] calling  vtconsole_class_init+0x0/0xec @ 1
[    0.080000] initcall vtconsole_class_init+0x0/0xec returned 0 after 0 usecs
[    0.080000] calling  wakeup_sources_debugfs_init+0x0/0x44 @ 1
[    0.080000] initcall wakeup_sources_debugfs_init+0x0/0x44 returned 0 after 0 usecs
[    0.080000] calling  regmap_initcall+0x0/0x10 @ 1
[    0.080000] initcall regmap_initcall+0x0/0x10 returned 0 after 0 usecs
[    0.080000] calling  spi_init+0x0/0x8c @ 1
[    0.080000] initcall spi_init+0x0/0x8c returned 0 after 0 usecs
[    0.080000] calling  i2c_init+0x0/0x74 @ 1
[    0.080000] initcall i2c_init+0x0/0x74 returned 0 after 0 usecs
[    0.080000] calling  gate_vma_init+0x0/0x44 @ 1
[    0.080000] initcall gate_vma_init+0x0/0x44 returned 0 after 0 usecs
[    0.080000] calling  customize_machine+0x0/0x28 @ 1
[    0.080000] AT91: mb rev: B
[    0.110000] initcall customize_machine+0x0/0x28 returned 0 after 29296 usecs
[    0.110000] calling  exceptions_init+0x0/0x98 @ 1
[    0.110000] initcall exceptions_init+0x0/0x98 returned 0 after 0 usecs
[    0.110000] calling  at91_pm_init+0x0/0x170 @ 1
[    0.110000] AT91: Power Management (with slow clock mode)
[    0.110000] initcall at91_pm_init+0x0/0x170 returned 0 after 0 usecs
[    0.110000] calling  at91_pinctrl_init+0x0/0x28 @ 1
[    0.110000] gpio-at91 fffff200.gpio: at address fefff200
[    0.110000] gpio-at91 fffff400.gpio: at address fefff400
[    0.110000] gpio-at91 fffff600.gpio: at address fefff600
[    0.110000] gpio-at91 fffff800.gpio: at address fefff800
[    0.110000] gpio-at91 fffffa00.gpio: at address fefffa00
[    0.110000] pinctrl-at91 pinctrl.3: initialized AT91 pinctrl driver
[    0.120000] initcall at91_pinctrl_init+0x0/0x28 returned 0 after 9765 usecs
[    0.120000] calling  dma_bus_init+0x0/0x14 @ 1
[    0.120000] initcall dma_bus_init+0x0/0x14 returned 0 after 0 usecs
[    0.120000] calling  dma_channel_table_init+0x0/0x12c @ 1
[    0.120000] initcall dma_channel_table_init+0x0/0x12c returned 0 after 0 usecs
[    0.120000] calling  tc_init+0x0/0x14 @ 1
[    0.120000] initcall tc_init+0x0/0x14 returned 0 after 0 usecs
[    0.120000] calling  tcb_clksrc_init+0x0/0x2a0 @ 1
[    0.120000] tcb_clksrc: tc0 at 8.750 MHz
[    0.120000] initcall tcb_clksrc_init+0x0/0x2a0 returned 0 after 0 usecs
[    0.120000] calling  topology_init+0x0/0x28 @ 1
[    0.120000] initcall topology_init+0x0/0x28 returned 0 after 0 usecs
[    0.120000] calling  param_sysfs_init+0x0/0x1a8 @ 1
[    0.160000] initcall param_sysfs_init+0x0/0x1a8 returned 0 after 39062 usecs
[    0.160000] calling  default_bdi_init+0x0/0x38 @ 1
[    0.160000] initcall default_bdi_init+0x0/0x38 returned 0 after 0 usecs
[    0.160000] calling  init_bio+0x0/0xf4 @ 1
[    0.160000] bio: create slab <bio-0> at 0
[    0.160000] initcall init_bio+0x0/0xf4 returned 0 after 0 usecs
[    0.160000] calling  fsnotify_notification_init+0x0/0x9c @ 1
[    0.160000] initcall fsnotify_notification_init+0x0/0x9c returned 0 after 0 usecs
[    0.160000] calling  cryptomgr_init+0x0/0xc @ 1
[    0.160000] initcall cryptomgr_init+0x0/0xc returned 0 after 0 usecs
[    0.160000] calling  blk_settings_init+0x0/0x34 @ 1
[    0.160000] initcall blk_settings_init+0x0/0x34 returned 0 after 0 usecs
[    0.160000] calling  blk_ioc_init+0x0/0x40 @ 1
[    0.160000] initcall blk_ioc_init+0x0/0x40 returned 0 after 0 usecs
[    0.160000] calling  blk_softirq_init+0x0/0x2c @ 1
[    0.160000] initcall blk_softirq_init+0x0/0x2c returned 0 after 0 usecs
[    0.160000] calling  blk_iopoll_setup+0x0/0x2c @ 1
[    0.160000] initcall blk_iopoll_setup+0x0/0x2c returned 0 after 0 usecs
[    0.160000] calling  genhd_device_init+0x0/0x94 @ 1
[    0.160000] initcall genhd_device_init+0x0/0x94 returned 0 after 0 usecs
[    0.160000] calling  gpiolib_debugfs_init+0x0/0x38 @ 1
[    0.160000] initcall gpiolib_debugfs_init+0x0/0x38 returned 0 after 0 usecs
[    0.160000] calling  fbmem_init+0x0/0xb0 @ 1
[    0.160000] initcall fbmem_init+0x0/0xb0 returned 0 after 0 usecs
[    0.160000] calling  at_dma_init+0x0/0x14 @ 1
[    0.160000] at_hdmac ffffe600.dma-controller: Atmel AHB DMA Controller ( cpy slave ), 8 channels
[    0.160000] at_hdmac ffffe800.dma-controller: Atmel AHB DMA Controller ( cpy slave ), 8 channels
[    0.170000] initcall at_dma_init+0x0/0x14 returned 0 after 9765 usecs
[    0.170000] calling  misc_init+0x0/0xc8 @ 1
[    0.170000] initcall misc_init+0x0/0xc8 returned 0 after 0 usecs
[    0.170000] calling  init_scsi+0x0/0x88 @ 1
[    0.170000] SCSI subsystem initialized
[    0.170000] initcall init_scsi+0x0/0x88 returned 0 after 0 usecs
[    0.170000] calling  phy_init+0x0/0x3c @ 1
[    0.170000] initcall phy_init+0x0/0x3c returned 0 after 0 usecs
[    0.170000] calling  usb_init+0x0/0x170 @ 1
[    0.170000] usbcore: registered new interface driver usbfs
[    0.170000] usbcore: registered new interface driver hub
[    0.170000] usbcore: registered new device driver usb
[    0.170000] initcall usb_init+0x0/0x170 returned 0 after 0 usecs
[    0.170000] calling  usb_udc_init+0x0/0x58 @ 1
[    0.170000] initcall usb_udc_init+0x0/0x58 returned 0 after 0 usecs
[    0.170000] calling  input_init+0x0/0x124 @ 1
[    0.170000] initcall input_init+0x0/0x124 returned 0 after 0 usecs
[    0.170000] calling  rtc_init+0x0/0x74 @ 1
[    0.170000] initcall rtc_init+0x0/0x74 returned 0 after 0 usecs
[    0.170000] calling  at91_twi_init+0x0/0xc @ 1
[    0.170000] /ahb/apb/i2c@f0014000: can't parse dma property (-2)
[    0.180000] at91_i2c f0014000.i2c: AT91 i2c bus driver.
[    0.180000] at91_i2c f0018000.i2c: using dma0chan0 (tx) and dma0chan1 (rx) for DMA transfers
[    0.180000] at91_i2c f0018000.i2c: AT91 i2c bus driver.
[    0.180000] initcall at91_twi_init+0x0/0xc returned 0 after 9765 usecs
[    0.180000] calling  i2c_gpio_init+0x0/0x30 @ 1
[    0.180000] initcall i2c_gpio_init+0x0/0x30 returned 0 after 0 usecs
[    0.180000] calling  media_devnode_init+0x0/0x8c @ 1
[    0.180000] Linux media interface: v0.10
[    0.180000] initcall media_devnode_init+0x0/0x8c returned 0 after 0 usecs
[    0.180000] calling  videodev_init+0x0/0x88 @ 1
[    0.180000] Linux video capture interface: v2.00
[    0.180000] initcall videodev_init+0x0/0x88 returned 0 after 0 usecs
[    0.180000] calling  mmc_init+0x0/0x84 @ 1
[    0.180000] initcall mmc_init+0x0/0x84 returned 0 after 0 usecs
[    0.180000] calling  leds_init+0x0/0x5c @ 1
[    0.180000] initcall leds_init+0x0/0x5c returned 0 after 0 usecs
[    0.180000] calling  iio_init+0x0/0x94 @ 1
[    0.180000] initcall iio_init+0x0/0x94 returned 0 after 0 usecs
[    0.180000] calling  init_soundcore+0x0/0x44 @ 1
[    0.180000] initcall init_soundcore+0x0/0x44 returned 0 after 0 usecs
[    0.180000] calling  alsa_sound_init+0x0/0xac @ 1
[    0.180000] Advanced Linux Sound Architecture Driver Version 1.0.25.
[    0.180000] initcall alsa_sound_init+0x0/0xac returned 0 after 0 usecs
[    0.180000] calling  ac97_bus_init+0x0/0x14 @ 1
[    0.180000] initcall ac97_bus_init+0x0/0x14 returned 0 after 0 usecs
[    0.180000] calling  proto_init+0x0/0xc @ 1
[    0.180000] initcall proto_init+0x0/0xc returned 0 after 0 usecs
[    0.180000] calling  net_dev_init+0x0/0x154 @ 1
[    0.190000] initcall net_dev_init+0x0/0x154 returned 0 after 9765 usecs
[    0.190000] calling  neigh_init+0x0/0xa4 @ 1
[    0.190000] initcall neigh_init+0x0/0xa4 returned 0 after 0 usecs
[    0.190000] calling  genl_init+0x0/0x8c @ 1
[    0.190000] initcall genl_init+0x0/0x8c returned 0 after 0 usecs
[    0.190000] calling  cfg80211_init+0x0/0xc8 @ 1
[    0.190000] cfg80211: Calling CRDA to update world regulatory domain
[    0.190000] initcall cfg80211_init+0x0/0xc8 returned 0 after 0 usecs
[    0.190000] calling  ieee80211_init+0x0/0x38 @ 1
[    0.190000] initcall ieee80211_init+0x0/0x38 returned 0 after 0 usecs
[    0.190000] calling  proc_cpu_init+0x0/0x24 @ 1
[    0.190000] initcall proc_cpu_init+0x0/0x24 returned 0 after 0 usecs
[    0.190000] calling  dma_debug_do_init+0x0/0x8 @ 1
[    0.190000] initcall dma_debug_do_init+0x0/0x8 returned 0 after 0 usecs
[    0.190000] calling  alignment_init+0x0/0xfc @ 1
[    0.190000] initcall alignment_init+0x0/0xfc returned 0 after 0 usecs
[    0.190000] calling  clocksource_done_booting+0x0/0x50 @ 1
[    0.190000] Switching to clocksource tcb_clksrc
[    0.190000] initcall clocksource_done_booting+0x0/0x50 returned 0 after 5 usecs
[    0.190000] calling  init_pipe_fs+0x0/0x50 @ 1
[    0.190000] initcall init_pipe_fs+0x0/0x50 returned 0 after 67 usecs
[    0.190000] calling  eventpoll_init+0x0/0xb4 @ 1
[    0.190000] initcall eventpoll_init+0x0/0xb4 returned 0 after 26 usecs
[    0.190000] calling  anon_inode_init+0x0/0x60 @ 1
[    0.190000] initcall anon_inode_init+0x0/0x60 returned 0 after 65 usecs
[    0.190000] calling  blk_scsi_ioctl_init+0x0/0xe0 @ 1
[    0.190000] initcall blk_scsi_ioctl_init+0x0/0xe0 returned 0 after 2 usecs
[    0.190000] calling  chr_dev_init+0x0/0xdc @ 1
[    0.240000] initcall chr_dev_init+0x0/0xdc returned 0 after 46115 usecs
[    0.240000] calling  firmware_class_init+0x0/0x14 @ 1
[    0.240000] initcall firmware_class_init+0x0/0x14 returned 0 after 383 usecs
[    0.240000] calling  sysctl_core_init+0x0/0x30 @ 1
[    0.240000] initcall sysctl_core_init+0x0/0x30 returned 0 after 57 usecs
[    0.240000] calling  inet_init+0x0/0x284 @ 1
[    0.240000] NET: Registered protocol family 2
[    0.240000] TCP established hash table entries: 16384 (order: 5, 131072 bytes)
[    0.240000] TCP bind hash table entries: 16384 (order: 4, 65536 bytes)
[    0.240000] TCP: Hash tables configured (established 16384 bind 16384)
[    0.240000] TCP: reno registered
[    0.240000] UDP hash table entries: 256 (order: 0, 4096 bytes)
[    0.240000] UDP-Lite hash table entries: 256 (order: 0, 4096 bytes)
[    0.240000] initcall inet_init+0x0/0x284 returned 0 after 2318 usecs
[    0.240000] calling  af_unix_init+0x0/0x54 @ 1
[    0.240000] NET: Registered protocol family 1
[    0.240000] initcall af_unix_init+0x0/0x54 returned 0 after 85 usecs
[    0.240000] calling  init_sunrpc+0x0/0x64 @ 1
[    0.240000] RPC: Registered named UNIX socket transport module.
[    0.240000] RPC: Registered udp transport module.
[    0.240000] RPC: Registered tcp transport module.
[    0.240000] RPC: Registered tcp NFSv4.1 backchannel transport module.
[    0.240000] initcall init_sunrpc+0x0/0x64 returned 0 after 417 usecs
[    0.240000] calling  populate_rootfs+0x0/0x218 @ 1
[    0.240000] initcall populate_rootfs+0x0/0x218 returned 0 after 344 usecs
[    0.240000] calling  sched_clock_syscore_init+0x0/0x18 @ 1
[    0.240000] initcall sched_clock_syscore_init+0x0/0x18 returned 0 after 2 usecs
[    0.240000] calling  timer_init_syscore_ops+0x0/0x18 @ 1
[    0.240000] initcall timer_init_syscore_ops+0x0/0x18 returned 0 after 1 usecs
[    0.240000] calling  leds_init+0x0/0x58 @ 1
[    0.240000] initcall leds_init+0x0/0x58 returned 0 after 1100 usecs
[    0.240000] calling  leds_init+0x0/0x50 @ 1
[    0.240000] initcall leds_init+0x0/0x50 returned -19 after 1 usecs
[    0.240000] calling  proc_execdomains_init+0x0/0x38 @ 1
[    0.240000] initcall proc_execdomains_init+0x0/0x38 returned 0 after 25 usecs
[    0.240000] calling  ioresources_init+0x0/0x58 @ 1
[    0.240000] initcall ioresources_init+0x0/0x58 returned 0 after 15 usecs
[    0.240000] calling  uid_cache_init+0x0/0x90 @ 1
[    0.240000] initcall uid_cache_init+0x0/0x90 returned 0 after 20 usecs
[    0.240000] calling  init_posix_timers+0x0/0x1d0 @ 1
[    0.240000] initcall init_posix_timers+0x0/0x1d0 returned 0 after 33 usecs
[    0.240000] calling  init_posix_cpu_timers+0x0/0xe4 @ 1
[    0.240000] initcall init_posix_cpu_timers+0x0/0xe4 returned 0 after 3 usecs
[    0.240000] calling  timekeeping_init_ops+0x0/0x18 @ 1
[    0.240000] initcall timekeeping_init_ops+0x0/0x18 returned 0 after 2 usecs
[    0.240000] calling  init_clocksource_sysfs+0x0/0x54 @ 1
[    0.240000] initcall init_clocksource_sysfs+0x0/0x54 returned 0 after 929 usecs
[    0.240000] calling  init_timer_list_procfs+0x0/0x3c @ 1
[    0.240000] initcall init_timer_list_procfs+0x0/0x3c returned 0 after 20 usecs
[    0.240000] calling  alarmtimer_init+0x0/0x1a4 @ 1
[    0.250000] initcall alarmtimer_init+0x0/0x1a4 returned 0 after 1009 usecs
[    0.250000] calling  futex_init+0x0/0x60 @ 1
[    0.250000] initcall futex_init+0x0/0x60 returned 0 after 14 usecs
[    0.250000] calling  proc_modules_init+0x0/0x38 @ 1
[    0.250000] initcall proc_modules_init+0x0/0x38 returned 0 after 20 usecs
[    0.250000] calling  kallsyms_init+0x0/0x38 @ 1
[    0.250000] initcall kallsyms_init+0x0/0x38 returned 0 after 10 usecs
[    0.250000] calling  irq_debugfs_init+0x0/0x40 @ 1
[    0.250000] initcall irq_debugfs_init+0x0/0x40 returned 0 after 28 usecs
[    0.250000] calling  irq_pm_init_ops+0x0/0x18 @ 1
[    0.250000] initcall irq_pm_init_ops+0x0/0x18 returned 0 after 1 usecs
[    0.250000] calling  utsname_sysctl_init+0x0/0x18 @ 1
[    0.250000] initcall utsname_sysctl_init+0x0/0x18 returned 0 after 39 usecs
[    0.250000] calling  init_per_zone_wmark_min+0x0/0x90 @ 1
[    0.250000] initcall init_per_zone_wmark_min+0x0/0x90 returned 0 after 196 usecs
[    0.250000] calling  kswapd_init+0x0/0x18 @ 1
[    0.250000] initcall kswapd_init+0x0/0x18 returned 0 after 130 usecs
[    0.250000] calling  setup_vmstat+0x0/0x90 @ 1
[    0.250000] initcall setup_vmstat+0x0/0x90 returned 0 after 37 usecs
[    0.250000] calling  mm_sysfs_init+0x0/0x38 @ 1
[    0.250000] initcall mm_sysfs_init+0x0/0x38 returned 0 after 28 usecs
[    0.250000] calling  proc_vmalloc_init+0x0/0x38 @ 1
[    0.250000] initcall proc_vmalloc_init+0x0/0x38 returned 0 after 30 usecs
[    0.250000] calling  memblock_init_debugfs+0x0/0x7c @ 1
[    0.250000] initcall memblock_init_debugfs+0x0/0x7c returned 0 after 42 usecs
[    0.250000] calling  slab_proc_init+0x0/0x38 @ 1
[    0.250000] initcall slab_proc_init+0x0/0x38 returned 0 after 13 usecs
[    0.250000] calling  cpucache_init+0x0/0x88 @ 1
[    0.250000] initcall cpucache_init+0x0/0x88 returned 0 after 7 usecs
[    0.250000] calling  fcntl_init+0x0/0x40 @ 1
[    0.250000] initcall fcntl_init+0x0/0x40 returned 0 after 20 usecs
[    0.250000] calling  proc_filesystems_init+0x0/0x38 @ 1
[    0.250000] initcall proc_filesystems_init+0x0/0x38 returned 0 after 12 usecs
[    0.250000] calling  dio_init+0x0/0x40 @ 1
[    0.250000] initcall dio_init+0x0/0x40 returned 0 after 11 usecs
[    0.250000] calling  fsnotify_mark_init+0x0/0x40 @ 1
[    0.250000] initcall fsnotify_mark_init+0x0/0x40 returned 0 after 139 usecs
[    0.250000] calling  dnotify_init+0x0/0x84 @ 1
[    0.250000] initcall dnotify_init+0x0/0x84 returned 0 after 22 usecs
[    0.250000] calling  inotify_user_setup+0x0/0x78 @ 1
[    0.250000] initcall inotify_user_setup+0x0/0x78 returned 0 after 12 usecs
[    0.250000] calling  fanotify_user_setup+0x0/0x60 @ 1
[    0.250000] initcall fanotify_user_setup+0x0/0x60 returned 0 after 33 usecs
[    0.250000] calling  aio_setup+0x0/0x8c @ 1
[    0.250000] initcall aio_setup+0x0/0x8c returned 0 after 32 usecs
[    0.250000] calling  proc_locks_init+0x0/0x38 @ 1
[    0.250000] initcall proc_locks_init+0x0/0x38 returned 0 after 20 usecs
[    0.250000] calling  proc_cmdline_init+0x0/0x38 @ 1
[    0.250000] initcall proc_cmdline_init+0x0/0x38 returned 0 after 13 usecs
[    0.250000] calling  proc_consoles_init+0x0/0x38 @ 1
[    0.250000] initcall proc_consoles_init+0x0/0x38 returned 0 after 9 usecs
[    0.250000] calling  proc_cpuinfo_init+0x0/0x38 @ 1
[    0.250000] initcall proc_cpuinfo_init+0x0/0x38 returned 0 after 9 usecs
[    0.250000] calling  proc_devices_init+0x0/0x38 @ 1
[    0.250000] initcall proc_devices_init+0x0/0x38 returned 0 after 9 usecs
[    0.250000] calling  proc_interrupts_init+0x0/0x38 @ 1
[    0.250000] initcall proc_interrupts_init+0x0/0x38 returned 0 after 9 usecs
[    0.250000] calling  proc_loadavg_init+0x0/0x38 @ 1
[    0.250000] initcall proc_loadavg_init+0x0/0x38 returned 0 after 9 usecs
[    0.250000] calling  proc_meminfo_init+0x0/0x38 @ 1
[    0.250000] initcall proc_meminfo_init+0x0/0x38 returned 0 after 9 usecs
[    0.250000] calling  proc_stat_init+0x0/0x38 @ 1
[    0.250000] initcall proc_stat_init+0x0/0x38 returned 0 after 9 usecs
[    0.250000] calling  proc_uptime_init+0x0/0x38 @ 1
[    0.250000] initcall proc_uptime_init+0x0/0x38 returned 0 after 9 usecs
[    0.250000] calling  proc_version_init+0x0/0x38 @ 1
[    0.250000] initcall proc_version_init+0x0/0x38 returned 0 after 10 usecs
[    0.250000] calling  proc_softirqs_init+0x0/0x38 @ 1
[    0.250000] initcall proc_softirqs_init+0x0/0x38 returned 0 after 10 usecs
[    0.250000] calling  proc_kmsg_init+0x0/0x38 @ 1
[    0.250000] initcall proc_kmsg_init+0x0/0x38 returned 0 after 9 usecs
[    0.250000] calling  proc_page_init+0x0/0x58 @ 1
[    0.250000] initcall proc_page_init+0x0/0x58 returned 0 after 16 usecs
[    0.250000] calling  init_devpts_fs+0x0/0x68 @ 1
[    0.250000] initcall init_devpts_fs+0x0/0x68 returned 0 after 101 usecs
[    0.250000] calling  init_ext2_fs+0x0/0x78 @ 1
[    0.250000] initcall init_ext2_fs+0x0/0x78 returned 0 after 17 usecs
[    0.250000] calling  init_ramfs_fs+0x0/0xc @ 1
[    0.250000] initcall init_ramfs_fs+0x0/0xc returned 0 after 3 usecs
[    0.250000] calling  init_fat_fs+0x0/0x60 @ 1
[    0.250000] initcall init_fat_fs+0x0/0x60 returned 0 after 15 usecs
[    0.250000] calling  init_vfat_fs+0x0/0xc @ 1
[    0.250000] initcall init_vfat_fs+0x0/0xc returned 0 after 4 usecs
[    0.250000] calling  init_nfs_fs+0x0/0x14c @ 1
[    0.250000] initcall init_nfs_fs+0x0/0x14c returned 0 after 358 usecs
[    0.250000] calling  init_nfs_v2+0x0/0x18 @ 1
[    0.250000] initcall init_nfs_v2+0x0/0x18 returned 0 after 1 usecs
[    0.250000] calling  init_nfs_v3+0x0/0x18 @ 1
[    0.250000] initcall init_nfs_v3+0x0/0x18 returned 0 after 1 usecs
[    0.250000] calling  init_nlm+0x0/0x50 @ 1
[    0.250000] initcall init_nlm+0x0/0x50 returned 0 after 34 usecs
[    0.250000] calling  init_nls_cp437+0x0/0xc @ 1
[    0.250000] initcall init_nls_cp437+0x0/0xc returned 0 after 1 usecs
[    0.250000] calling  init_nls_cp850+0x0/0xc @ 1
[    0.250000] initcall init_nls_cp850+0x0/0xc returned 0 after 1 usecs
[    0.250000] calling  init_nls_iso8859_1+0x0/0xc @ 1
[    0.250000] initcall init_nls_iso8859_1+0x0/0xc returned 0 after 1 usecs
[    0.250000] calling  init_jffs2_fs+0x0/0xd8 @ 1
[    0.250000] jffs2: version 2.2. (NAND) (SUMMARY)  Â© 2001-2006 Red Hat, Inc.
[    0.250000] initcall init_jffs2_fs+0x0/0xd8 returned 0 after 190 usecs
[    0.250000] calling  ipc_init+0x0/0x24 @ 1
[    0.250000] msgmni has been set to 1004
[    0.250000] initcall ipc_init+0x0/0x24 returned 0 after 75 usecs
[    0.250000] calling  ipc_sysctl_init+0x0/0x18 @ 1
[    0.250000] initcall ipc_sysctl_init+0x0/0x18 returned 0 after 42 usecs
[    0.250000] calling  crypto_wq_init+0x0/0x44 @ 1
[    0.250000] initcall crypto_wq_init+0x0/0x44 returned 0 after 191 usecs
[    0.250000] calling  crypto_algapi_init+0x0/0x10 @ 1
[    0.250000] initcall crypto_algapi_init+0x0/0x10 returned 0 after 24 usecs
[    0.250000] calling  skcipher_module_init+0x0/0x1c @ 1
[    0.250000] initcall skcipher_module_init+0x0/0x1c returned 0 after 1 usecs
[    0.250000] calling  chainiv_module_init+0x0/0xc @ 1
[    0.250000] initcall chainiv_module_init+0x0/0xc returned 0 after 6 usecs
[    0.250000] calling  eseqiv_module_init+0x0/0xc @ 1
[    0.250000] initcall eseqiv_module_init+0x0/0xc returned 0 after 3 usecs
[    0.250000] calling  sha1_generic_mod_init+0x0/0xc @ 1
[    0.250000] initcall sha1_generic_mod_init+0x0/0xc returned 0 after 233 usecs
[    0.250000] calling  sha256_generic_mod_init+0x0/0x3c @ 1
[    0.250000] initcall sha256_generic_mod_init+0x0/0x3c returned 0 after 358 usecs
[    0.250000] calling  crypto_ecb_module_init+0x0/0xc @ 1
[    0.250000] initcall crypto_ecb_module_init+0x0/0xc returned 0 after 3 usecs
[    0.250000] calling  crypto_cbc_module_init+0x0/0xc @ 1
[    0.250000] initcall crypto_cbc_module_init+0x0/0xc returned 0 after 2 usecs
[    0.250000] calling  des_generic_mod_init+0x0/0x3c @ 1
[    0.250000] initcall des_generic_mod_init+0x0/0x3c returned 0 after 345 usecs
[    0.250000] calling  aes_init+0x0/0xc @ 1
[    0.250000] initcall aes_init+0x0/0xc returned 0 after 178 usecs
[    0.250000] calling  arc4_init+0x0/0x10 @ 1
[    0.250000] initcall arc4_init+0x0/0x10 returned 0 after 343 usecs
[    0.250000] calling  deflate_mod_init+0x0/0xc @ 1
[    0.250000] initcall deflate_mod_init+0x0/0xc returned 0 after 183 usecs
[    0.250000] calling  lzo_mod_init+0x0/0xc @ 1
[    0.250000] initcall lzo_mod_init+0x0/0xc returned 0 after 178 usecs
[    0.250000] calling  krng_mod_init+0x0/0xc @ 1
[    0.250000] initcall krng_mod_init+0x0/0xc returned 0 after 172 usecs
[    0.250000] calling  proc_genhd_init+0x0/0x58 @ 1
[    0.250000] initcall proc_genhd_init+0x0/0x58 returned 0 after 35 usecs
[    0.250000] calling  noop_init+0x0/0xc @ 1
[    0.250000] io scheduler noop registered (default)
[    0.250000] initcall noop_init+0x0/0xc returned 0 after 15 usecs
[    0.250000] calling  fb_console_init+0x0/0x15c @ 1
[    0.250000] initcall fb_console_init+0x0/0x15c returned 0 after 508 usecs
[    0.250000] calling  atmel_hlcdfb_init+0x0/0x14 @ 1
[    0.260000] atmel_hlcdfb atmel_hlcdfb_base: 1500KiB frame buffer at 3f000000 (mapped at e08a4000)
[    0.980000] Console: switching to colour frame buffer device 100x30
[    0.990000] atmel_hlcdfb atmel_hlcdfb_base: fb0: Atmel LCDC at 0xf0030000 (mapped at e0a1c000), irq 26
[    1.000000] atmel_hlcdfb atmel_hlcdfb_ovl1: 1500KiB frame buffer at 3f200000 (mapped at e0a20000)
[    1.000000] atmel_hlcdfb atmel_hlcdfb_ovl1: fb1: Atmel LCDC at 0xf0030140 (mapped at e0b9a140), irq -6
[    1.000000] atmel_hlcdfb atmel_hlcdfb_ovl2: 1500KiB frame buffer at 3ec00000 (mapped at e0b9e000)
[    1.010000] atmel_hlcdfb atmel_hlcdfb_ovl2: fb2: Atmel LCDC at 0xf0030240 (mapped at e0d18240), irq -6
[    1.010000] initcall atmel_hlcdfb_init+0x0/0x14 returned 0 after 734706 usecs
[    1.010000] calling  atmel_lcdfb_bus_init+0x0/0xc @ 1
[    1.010000] initcall atmel_lcdfb_bus_init+0x0/0xc returned 0 after 1085 usecs
[    1.010000] calling  pty_init+0x0/0x3d8 @ 1
[    1.010000] initcall pty_init+0x0/0x3d8 returned 0 after 5207 usecs
[    1.010000] calling  atmel_serial_init+0x0/0x3c @ 1
[    1.010000] f0020000.serial: ttyS2 at MMIO 0xf0020000 (irq = 24) is a ATMEL_SERIAL
[    1.010000] ffffee00.serial: ttyS0 at MMIO 0xffffee00 (irq = 36) is a ATMEL_SERIAL
[    1.500000] console [ttyS0] enabled
[    1.500000] initcall atmel_serial_init+0x0/0x3c returned 0 after 526344 usecs
[    1.500000] calling  rand_initialize+0x0/0x2c @ 1
[    1.500000] initcall rand_initialize+0x0/0x2c returned 0 after 111 usecs
[    1.500000] calling  atmel_trng_driver_init+0x0/0xc @ 1
[    1.500000] initcall atmel_trng_driver_init+0x0/0xc returned 0 after 412 usecs
[    1.500000] calling  topology_sysfs_init+0x0/0x20 @ 1
[    1.500000] initcall topology_sysfs_init+0x0/0x20 returned 0 after 60 usecs
[    1.500000] calling  brd_init+0x0/0x1bc @ 1
[    1.510000] brd: module loaded
[    1.510000] initcall brd_init+0x0/0x1bc returned 0 after 8553 usecs
[    1.510000] calling  loop_init+0x0/0x118 @ 1
[    1.520000] loop: module loaded
[    1.530000] initcall loop_init+0x0/0x118 returned 0 after 14559 usecs
[    1.530000] calling  ssc_driver_init+0x0/0xc @ 1
[    1.530000] ssc f0008000.ssc: Atmel SSC device at 0xe0d20000 (irq 19)
[    1.530000] initcall ssc_driver_init+0x0/0xc returned 0 after 7360 usecs
[    1.530000] calling  at24_init+0x0/0x4c @ 1
[    1.530000] at24 1-0050: 32768 byte 24c256 EEPROM, writable, 64 bytes/write
[    1.540000] initcall at24_init+0x0/0x4c returned 0 after 7331 usecs
[    1.540000] calling  init_sd+0x0/0x124 @ 1
[    1.540000] initcall init_sd+0x0/0x124 returned 0 after 705 usecs
[    1.540000] calling  init_mtd+0x0/0xd8 @ 1
[    1.540000] initcall init_mtd+0x0/0xd8 returned 0 after 1854 usecs
[    1.540000] calling  ofpart_parser_init+0x0/0x3c @ 1
[    1.540000] initcall ofpart_parser_init+0x0/0x3c returned 0 after 2 usecs
[    1.540000] calling  cmdline_parser_init+0x0/0xc @ 1
[    1.540000] initcall cmdline_parser_init+0x0/0xc returned 0 after 1 usecs
[    1.540000] calling  init_mtdchar+0x0/0x8c @ 1
[    1.540000] initcall init_mtdchar+0x0/0x8c returned 0 after 27 usecs
[    1.540000] calling  init_mtdblock+0x0/0xc @ 1
[    1.540000] initcall init_mtdblock+0x0/0xc returned 0 after 8 usecs
[    1.540000] calling  cfi_probe_init+0x0/0x18 @ 1
[    1.540000] initcall cfi_probe_init+0x0/0x18 returned 0 after 1 usecs
[    1.540000] calling  m25p80_driver_init+0x0/0xc @ 1
[    1.540000] initcall m25p80_driver_init+0x0/0xc returned 0 after 371 usecs
[    1.540000] calling  nand_base_init+0x0/0x20 @ 1
[    1.540000] initcall nand_base_init+0x0/0x20 returned 0 after 6 usecs
[    1.540000] calling  atmel_nand_init+0x0/0x14 @ 1
[    1.550000] atmel_nand 60000000.nand: Using NFC
[    1.550000] atmel_nand: Use On Flash BBT
[    1.560000] atmel_nand 60000000.nand: Using dma0chan2 for DMA transfers.
[    1.560000] ONFI param page 0 valid
[    1.570000] ONFI flash detected
[    1.570000] NAND device: Manufacturer ID: 0x2c, Chip ID: 0xda (Micron MT29F2G08ABAEAWP), page size: 2048, OOB size: 64
[    1.580000] atmel_nand 60000000.nand: ONFI params, minimum required ECC: 4 bits in 512 bytes
[    1.590000] atmel_nand 60000000.nand: Initialize PMECC params, cap: 4, sector: 512
[    1.600000] atmel_nand 60000000.nand: Using NFC Sram
[    1.600000] Bad block table found at page 131008, version 0x01
[    1.610000] Bad block table found at page 130944, version 0x01
[    1.610000] 2 cmdlinepart partitions found on MTD device atmel_nand
[    1.620000] Creating 2 MTD partitions on "atmel_nand":
[    1.630000] 0x000000000000-0x000000800000 : "bootstrap/uboot/kernel"
[    1.630000] 0x000000800000-0x000010000000 : "rootfs"
[    1.640000] initcall atmel_nand_init+0x0/0x14 returned 0 after 96371 usecs
[    1.640000] calling  ubi_init+0x0/0x2ec @ 1
[    1.640000] UBI: attaching mtd1 to ubi0
[    1.650000] UBI DBG (pid 1): ubi_attach_mtd_dev: sizeof(struct ubi_ainf_peb) 48
[    1.650000] UBI DBG (pid 1): ubi_attach_mtd_dev: sizeof(struct ubi_wl_entry) 20
[    1.650000] UBI DBG (pid 1): io_init: min_io_size      2048
[    1.650000] UBI DBG (pid 1): io_init: max_write_size   2048
[    1.650000] UBI DBG (pid 1): io_init: hdrs_min_io_size 2048
[    1.650000] UBI DBG (pid 1): io_init: ec_hdr_alsize    2048
[    1.650000] UBI DBG (pid 1): io_init: vid_hdr_alsize   2048
[    1.650000] UBI DBG (pid 1): io_init: vid_hdr_offset   2048
[    1.650000] UBI DBG (pid 1): io_init: vid_hdr_aloffset 2048
[    1.650000] UBI DBG (pid 1): io_init: vid_hdr_shift    0
[    1.650000] UBI DBG (pid 1): io_init: leb_start        4096
[    1.650000] UBI DBG (pid 1): io_init: max_erroneous    198
[    1.650000] UBI: physical eraseblock size:   131072 bytes (128 KiB)
[    1.650000] UBI: logical eraseblock size:    126976 bytes
[    1.660000] UBI: smallest flash I/O unit:    2048
[    1.660000] UBI: VID header offset:          2048 (aligned 2048)
[    1.670000] UBI: data offset:                4096
[    2.530000] UBI DBG (pid 1): scan_all: scanning is finished
[    2.530000] UBI: max. sequence number:       10
[    2.550000] UBI: attached mtd1 to ubi0
[    2.550000] UBI: MTD device name:            "rootfs"
[    2.560000] UBI: MTD device size:            248 MiB
[    2.560000] UBI: number of good PEBs:        1980
[    2.570000] UBI: number of bad PEBs:         4
[    2.570000] UBI: number of corrupted PEBs:   0
[    2.570000] UBI: max. allowed volumes:       128
[    2.580000] UBI: wear-leveling threshold:    4096
[    2.580000] UBI: number of internal volumes: 1
[    2.590000] UBI: number of user volumes:     1
[    2.590000] UBI: available PEBs:             0
[    2.600000] UBI: total number of reserved PEBs: 1980
[    2.600000] UBI: number of PEBs reserved for bad PEB handling: 38
[    2.610000] UBI: max/mean erase counter: 2/0
[    2.610000] UBI: image sequence number:  1391445375
[    2.620000] initcall ubi_init+0x0/0x2ec returned 0 after 951606 usecs
[    2.620000] calling  atmel_spi_driver_init+0x0/0xc @ 1
[    2.620000] atmel_spi f0004000.spi: Using dma0chan3 (tx) and  dma0chan4 (rx) for DMA transfers
[    2.630000] atmel_spi f0004000.spi: Atmel SPI Controller at 0xf0004000 (irq 18)
[    2.630000] UBI: background thread "ubi_bgt0d" started, PID 430
[    2.640000] atmel_spi f0004000.spi: master is unqueued, this is deprecated
[    2.650000] m25p80 spi32766.0: at25df321a (4096 Kbytes)
[    2.660000] initcall atmel_spi_driver_init+0x0/0xc returned 0 after 39276 usecs
[    2.660000] calling  spi_gpio_driver_init+0x0/0xc @ 1
[    2.660000] initcall spi_gpio_driver_init+0x0/0xc returned 0 after 411 usecs
[    2.660000] calling  net_olddevs_init+0x0/0xa4 @ 1
[    2.660000] initcall net_olddevs_init+0x0/0xa4 returned 0 after 24 usecs
[    2.660000] calling  ksphy_init+0x0/0x10 @ 1
[    2.660000] initcall ksphy_init+0x0/0x10 returned 0 after 2038 usecs
[    2.660000] calling  can_dev_init+0x0/0x2c @ 1
[    2.660000] CAN device driver interface
[    2.660000] initcall can_dev_init+0x0/0x2c returned 0 after 3695 usecs
[    2.660000] calling  at91_can_driver_init+0x0/0xc @ 1
[    2.670000] at91_can f000c000.can: device registered (reg_base=e0d7a000, irq=20)
[    2.670000] at91_can f8010000.can: device registered (reg_base=e0d7c000, irq=28)
[    2.680000] initcall at91_can_driver_init+0x0/0xc returned 0 after 18747 usecs
[    2.680000] calling  macb_init+0x0/0x14 @ 1
[    2.680000] macb f0028000.ethernet: (unregistered net_device): invalid hw address, using random
[    2.700000] libphy: MACB_mii_bus: probed
[    2.700000] macb f0028000.ethernet: eth0: Cadence GEM at 0xf0028000 irq 25 (be:49:b3:96:2c:81)
[    2.710000] macb f0028000.ethernet: eth0: attached PHY driver [Micrel KSZ9021 Gigabit PHY] (mii_bus:phy_addr=f0028000.etherne:07, irq=-1)
[    2.720000] initcall macb_init+0x0/0x14 returned 0 after 39347 usecs
[    2.720000] calling  ehci_hcd_init+0x0/0xa4 @ 1
[    2.720000] ehci_hcd: USB 2.0 'Enhanced' Host Controller (EHCI) Driver
[    2.730000] atmel-ehci 700000.ehci: Atmel EHCI UHP HS
[    2.740000] atmel-ehci 700000.ehci: new USB bus registered, assigned bus number 1
[    2.740000] atmel-ehci 700000.ehci: irq 44, io mem 0x00700000
[    2.770000] atmel-ehci 700000.ehci: USB 2.0 started, EHCI 1.00
[    2.770000] usb usb1: New USB device found, idVendor=1d6b, idProduct=0002
[    2.780000] usb usb1: New USB device strings: Mfr=3, Product=2, SerialNumber=1
[    2.780000] usb usb1: Product: Atmel EHCI UHP HS
[    2.790000] usb usb1: Manufacturer: Linux 3.6.9 ehci_hcd
[    2.790000] usb usb1: SerialNumber: 700000.ehci
[    2.800000] hub 1-0:1.0: USB hub found
[    2.800000] hub 1-0:1.0: 3 ports detected
[    2.810000] initcall ehci_hcd_init+0x0/0xa4 returned 0 after 84407 usecs
[    2.810000] calling  ohci_hcd_mod_init+0x0/0x7c @ 1
[    2.810000] ohci_hcd: USB 1.1 'Open' Host Controller (OHCI) Driver
[    2.820000] at91_ohci 600000.ohci: AT91 OHCI
[    2.820000] at91_ohci 600000.ohci: new USB bus registered, assigned bus number 2
[    2.830000] at91_ohci 600000.ohci: irq 44, io mem 0x00600000
[    2.890000] usb usb2: New USB device found, idVendor=1d6b, idProduct=0001
[    2.900000] usb usb2: New USB device strings: Mfr=3, Product=2, SerialNumber=1
[    2.900000] usb usb2: Product: AT91 OHCI
[    2.910000] usb usb2: Manufacturer: Linux 3.6.9 ohci_hcd
[    2.910000] usb usb2: SerialNumber: at91
[    2.920000] hub 2-0:1.0: USB hub found
[    2.920000] hub 2-0:1.0: 3 ports detected
[    2.930000] initcall ohci_hcd_mod_init+0x0/0x7c returned 0 after 114219 usecs
[    2.930000] calling  acm_init+0x0/0x108 @ 1
[    2.930000] usbcore: registered new interface driver cdc_acm
[    2.930000] cdc_acm: USB Abstract Control Model driver for USB modems and ISDN adapters
[    2.940000] initcall acm_init+0x0/0x108 returned 0 after 13874 usecs
[    2.940000] calling  usb_stor_init+0x0/0x44 @ 1
[    2.940000] Initializing USB Mass Storage driver...
[    2.950000] usbcore: registered new interface driver usb-storage
[    2.950000] USB Mass Storage support registered.
[    2.960000] initcall usb_stor_init+0x0/0x44 returned 0 after 15693 usecs
[    2.960000] calling  udc_init_module+0x0/0x14 @ 1
[    2.960000] initcall udc_init_module+0x0/0x14 returned -19 after 905 usecs
[    2.960000] calling  udc_init+0x0/0x14 @ 1
[    2.960000] atmel_usba_udc 500000.gadget: MMIO registers at 0xf8030000 mapped at e0d88000
[    2.970000] atmel_usba_udc 500000.gadget: FIFO at 0x00500000 mapped at e2800000
[    2.980000] initcall udc_init+0x0/0x14 returned 0 after 17031 usecs
[    2.980000] calling  evdev_init+0x0/0xc @ 1
[    2.980000] initcall evdev_init+0x0/0xc returned 0 after 3 usecs
[    2.980000] calling  qt1070_driver_init+0x0/0x10 @ 1
[    2.980000] qt1070 1-001b: AT42QT1070 firmware version 15
[    3.460000] input: AT42QT1070 QTouch Sensor as /devices/ahb.0/apb.1/f0018000.i2c/i2c-1/1-001b/input/input0
[    3.470000] initcall qt1070_driver_init+0x0/0x10 returned 0 after 482568 usecs
[    3.470000] calling  mxt_driver_init+0x0/0x10 @ 1
[    3.470000] initcall mxt_driver_init+0x0/0x10 returned 0 after 380 usecs
[    3.470000] calling  atmel_tsadcc_driver_init+0x0/0xc @ 1
[    3.470000] atmel_tsadcc f8018000.tsadcc: Master clock is set at: 66000000 Hz
[    3.480000] atmel_tsadcc f8018000.tsadcc: Prescaler is set at: 109
[    3.480000] input: atmel touch screen controller as /devices/ahb.0/apb.1/f8018000.tsadcc/input/input1
[    3.490000] initcall atmel_tsadcc_driver_init+0x0/0xc returned 0 after 24228 usecs
[    3.490000] calling  at91_rtc_init+0x0/0x14 @ 1
[    3.500000] at91_rtc fffffeb0.rtc: rtc core: registered fffffeb0.rtc as rtc0
[    3.500000] AT91 Real Time Clock driver.
[    3.510000] initcall at91_rtc_init+0x0/0x14 returned 0 after 12278 usecs
[    3.510000] calling  i2c_dev_init+0x0/0xd0 @ 1
[    3.510000] i2c /dev entries driver
[    3.510000] initcall i2c_dev_init+0x0/0xd0 returned 0 after 4984 usecs
[    3.510000] calling  ov2640_i2c_driver_init+0x0/0x10 @ 1
[    3.510000] initcall ov2640_i2c_driver_init+0x0/0x10 returned 0 after 383 usecs
[    3.510000] calling  at91sam9x5_video_init+0x0/0x14 @ 1
[    3.510000] at91sam9x5-video f0030340.lcdheo1: video device registered @ 0xe0d82340, irq = 26
[    3.520000] initcall at91sam9x5_video_init+0x0/0x14 returned 0 after 9735 usecs
[    3.520000] calling  gspca_init+0x0/0x18 @ 1
[    3.520000] gspca_main: v2.14.0 registered
[    3.530000] initcall gspca_init+0x0/0x18 returned 0 after 3988 usecs
[    3.530000] calling  soc_camera_init+0x0/0xc @ 1
[    3.530000] initcall soc_camera_init+0x0/0xc returned 0 after 498 usecs
[    3.530000] calling  soc_mbus_init+0x0/0x8 @ 1
[    3.530000] initcall soc_mbus_init+0x0/0x8 returned 0 after 0 usecs
[    3.530000] calling  atmel_isi_init_module+0x0/0x14 @ 1
[    3.530000] initcall atmel_isi_init_module+0x0/0x14 returned -19 after 715 usecs
[    3.530000] calling  uvc_init+0x0/0x48 @ 1
[    3.530000] usbcore: registered new interface driver uvcvideo
[    3.540000] USB Video Class driver (1.1.1)
[    3.540000] initcall uvc_init+0x0/0x48 returned 0 after 10111 usecs
[    3.540000] calling  mmc_blk_init+0x0/0x80 @ 1
[    3.540000] initcall mmc_blk_init+0x0/0x80 returned 0 after 378 usecs
[    3.540000] calling  gpio_led_driver_init+0x0/0xc @ 1
[    3.540000] Registered led device: d2
[    3.540000] Registered led device: d3
[    3.540000] initcall gpio_led_driver_init+0x0/0xc returned 0 after 1765 usecs
[    3.540000] calling  timer_trig_init+0x0/0xc @ 1
[    3.540000] initcall timer_trig_init+0x0/0xc returned 0 after 7 usecs
[    3.540000] calling  heartbeat_trig_init+0x0/0x40 @ 1
[    3.540000] initcall heartbeat_trig_init+0x0/0x40 returned 0 after 5 usecs
[    3.540000] calling  gpio_trig_init+0x0/0xc @ 1
[    3.540000] initcall gpio_trig_init+0x0/0xc returned 0 after 2 usecs
[    3.540000] calling  hid_init+0x0/0x5c @ 1
[    3.540000] initcall hid_init+0x0/0x5c returned 0 after 450 usecs
[    3.540000] calling  hid_init+0x0/0x54 @ 1
[    3.540000] usbcore: registered new interface driver usbhid
[    3.550000] usbhid: USB HID core driver
[    3.550000] initcall hid_init+0x0/0x54 returned 0 after 9643 usecs
[    3.550000] calling  at91_adc_driver_init+0x0/0xc @ 1
[    3.550000] initcall at91_adc_driver_init+0x0/0xc returned 0 after 572 usecs
[    3.550000] calling  alsa_timer_init+0x0/0x180 @ 1
[    3.550000] initcall alsa_timer_init+0x0/0x180 returned 0 after 907 usecs
[    3.550000] calling  alsa_pcm_init+0x0/0x6c @ 1
[    3.550000] initcall alsa_pcm_init+0x0/0x6c returned 0 after 17 usecs
[    3.550000] calling  snd_mem_init+0x0/0x44 @ 1
[    3.550000] initcall snd_mem_init+0x0/0x44 returned 0 after 26 usecs
[    3.550000] calling  alsa_ac97_init+0x0/0x8 @ 1
[    3.550000] initcall alsa_ac97_init+0x0/0x8 returned 0 after 0 usecs
[    3.550000] calling  snd_soc_init+0x0/0x110 @ 1
[    3.560000] initcall snd_soc_init+0x0/0x110 returned 0 after 1809 usecs
[    3.560000] calling  wm8904_i2c_driver_init+0x0/0x10 @ 1
[    3.560000] wm8904 0-001a: revision A
[    3.570000] initcall wm8904_i2c_driver_init+0x0/0x10 returned 0 after 10198 usecs
[    3.570000] calling  sama5d3ek_wm8904_driver_init+0x0/0xc @ 1
[    3.570000] sama5d3ek-audio sound.5: setting pck0 to 32768Hz
[    3.570000] async_waiting @ 1
[    3.570000] calling  1_dapm_pre_sequence_async+0x0/0x94 @ 6
[    3.570000] initcall 1_dapm_pre_sequence_async+0x0/0x94 returned 0 after 4 usecs
[    3.570000] async_continuing @ 1 after 124 usec
[    3.570000] async_waiting @ 1
[    3.580000] calling  2_dapm_post_sequence_async+0x0/0xe4 @ 6
[    3.580000] initcall 2_dapm_post_sequence_async+0x0/0xe4 returned 0 after 1 usecs
[    3.580000] async_continuing @ 1 after 123 usec
[    3.580000] async_waiting @ 1
[    3.580000] calling  3_dapm_pre_sequence_async+0x0/0x94 @ 6
[    3.580000] initcall 3_dapm_pre_sequence_async+0x0/0x94 returned 0 after 3 usecs
[    3.580000] calling  4_dapm_pre_sequence_async+0x0/0x94 @ 6
[    3.580000] initcall 4_dapm_pre_sequence_async+0x0/0x94 returned 0 after 1 usecs
[    3.580000] calling  5_dapm_pre_sequence_async+0x0/0x94 @ 6
[    3.580000] initcall 5_dapm_pre_sequence_async+0x0/0x94 returned 0 after 1 usecs
[    3.580000] calling  6_dapm_pre_sequence_async+0x0/0x94 @ 6
[    3.580000] initcall 6_dapm_pre_sequence_async+0x0/0x94 returned 0 after 2 usecs
[    3.580000] async_continuing @ 1 after 226 usec
[    3.580000] async_waiting @ 1
[    3.580000] calling  7_dapm_post_sequence_async+0x0/0xe4 @ 10
[    3.580000] initcall 7_dapm_post_sequence_async+0x0/0xe4 returned 0 after 1 usecs
[    3.580000] calling  8_dapm_post_sequence_async+0x0/0xe4 @ 10
[    3.580000] initcall 8_dapm_post_sequence_async+0x0/0xe4 returned 0 after 1 usecs
[    3.580000] calling  9_dapm_post_sequence_async+0x0/0xe4 @ 10
[    3.580000] initcall 9_dapm_post_sequence_async+0x0/0xe4 returned 0 after 1 usecs
[    3.580000] calling  10_dapm_post_sequence_async+0x0/0xe4 @ 10
[    3.580000] initcall 10_dapm_post_sequence_async+0x0/0xe4 returned 0 after 1 usecs
[    3.580000] async_continuing @ 1 after 238 usec
[    3.580000] sama5d3ek-audio sound.5:  wm8904-hifi <-> f0008000.ssc mapping ok
[    3.580000] async_waiting @ 1
[    3.580000] calling  11_dapm_pre_sequence_async+0x0/0x94 @ 10
[    3.580000] initcall 11_dapm_pre_sequence_async+0x0/0x94 returned 0 after 1 usecs
[    3.580000] calling  12_dapm_pre_sequence_async+0x0/0x94 @ 10
[    3.580000] initcall 12_dapm_pre_sequence_async+0x0/0x94 returned 0 after 0 usecs
[    3.580000] calling  13_dapm_pre_sequence_async+0x0/0x94 @ 10
[    3.580000] initcall 13_dapm_pre_sequence_async+0x0/0x94 returned 0 after 1 usecs
[    3.580000] calling  14_dapm_pre_sequence_async+0x0/0x94 @ 10
[    3.580000] initcall 14_dapm_pre_sequence_async+0x0/0x94 returned 0 after 2 usecs
[    3.580000] async_continuing @ 1 after 231 usec
[    3.580000] async_waiting @ 1
[    3.580000] calling  15_dapm_post_sequence_async+0x0/0xe4 @ 10
[    3.580000] initcall 15_dapm_post_sequence_async+0x0/0xe4 returned 0 after 1 usecs
[    3.580000] calling  16_dapm_post_sequence_async+0x0/0xe4 @ 10
[    3.580000] initcall 16_dapm_post_sequence_async+0x0/0xe4 returned 0 after 1 usecs
[    3.580000] calling  17_dapm_post_sequence_async+0x0/0xe4 @ 10
[    3.580000] initcall 17_dapm_post_sequence_async+0x0/0xe4 returned 0 after 0 usecs
[    3.580000] calling  18_dapm_post_sequence_async+0x0/0xe4 @ 10
[    3.580000] initcall 18_dapm_post_sequence_async+0x0/0xe4 returned 0 after 1 usecs
[    3.580000] async_continuing @ 1 after 233 usec
[    3.580000] async_waiting @ 1
[    3.580000] calling  19_dapm_pre_sequence_async+0x0/0x94 @ 10
[    3.580000] initcall 19_dapm_pre_sequence_async+0x0/0x94 returned 0 after 1 usecs
[    3.580000] calling  20_dapm_pre_sequence_async+0x0/0x94 @ 10
[    3.580000] initcall 20_dapm_pre_sequence_async+0x0/0x94 returned 0 after 0 usecs
[    3.580000] calling  21_dapm_pre_sequence_async+0x0/0x94 @ 10
[    3.580000] initcall 21_dapm_pre_sequence_async+0x0/0x94 returned 0 after 0 usecs
[    3.580000] calling  22_dapm_pre_sequence_async+0x0/0x94 @ 10
[    3.580000] initcall 22_dapm_pre_sequence_async+0x0/0x94 returned 0 after 2 usecs
[    3.580000] async_continuing @ 1 after 203 usec
[    3.580000] async_waiting @ 1
[    3.580000] calling  23_dapm_post_sequence_async+0x0/0xe4 @ 10
[    3.580000] initcall 23_dapm_post_sequence_async+0x0/0xe4 returned 0 after 0 usecs
[    3.580000] calling  24_dapm_post_sequence_async+0x0/0xe4 @ 10
[    3.580000] initcall 24_dapm_post_sequence_async+0x0/0xe4 returned 0 after 1 usecs
[    3.580000] calling  25_dapm_post_sequence_async+0x0/0xe4 @ 10
[    3.580000] initcall 25_dapm_post_sequence_async+0x0/0xe4 returned 0 after 1 usecs
[    3.580000] calling  26_dapm_post_sequence_async+0x0/0xe4 @ 10
[    3.590000] initcall 26_dapm_post_sequence_async+0x0/0xe4 returned 0 after 1 usecs
[    3.590000] async_continuing @ 1 after 286 usec
[    3.590000] async_waiting @ 1
[    3.590000] calling  27_dapm_pre_sequence_async+0x0/0x94 @ 6
[    3.590000] initcall 27_dapm_pre_sequence_async+0x0/0x94 returned 0 after 1 usecs
[    3.590000] calling  28_dapm_pre_sequence_async+0x0/0x94 @ 6
[    3.590000] initcall 28_dapm_pre_sequence_async+0x0/0x94 returned 0 after 0 usecs
[    3.590000] calling  29_dapm_pre_sequence_async+0x0/0x94 @ 6
[    3.590000] initcall 29_dapm_pre_sequence_async+0x0/0x94 returned 0 after 1 usecs
[    3.590000] calling  30_dapm_pre_sequence_async+0x0/0x94 @ 6
[    3.590000] initcall 30_dapm_pre_sequence_async+0x0/0x94 returned 0 after 3 usecs
[    3.590000] async_continuing @ 1 after 250 usec
[    3.590000] async_waiting @ 1
[    3.590000] calling  31_dapm_post_sequence_async+0x0/0xe4 @ 6
[    3.590000] initcall 31_dapm_post_sequence_async+0x0/0xe4 returned 0 after 1 usecs
[    3.590000] calling  32_dapm_post_sequence_async+0x0/0xe4 @ 6
[    3.590000] initcall 32_dapm_post_sequence_async+0x0/0xe4 returned 0 after 1 usecs
[    3.590000] calling  33_dapm_post_sequence_async+0x0/0xe4 @ 6
[    3.590000] initcall 33_dapm_post_sequence_async+0x0/0xe4 returned 0 after 1 usecs
[    3.590000] calling  34_dapm_post_sequence_async+0x0/0xe4 @ 6
[    3.590000] initcall 34_dapm_post_sequence_async+0x0/0xe4 returned 0 after 1 usecs
[    3.590000] async_continuing @ 1 after 244 usec
[    3.590000] initcall sama5d3ek_wm8904_driver_init+0x0/0xc returned 0 after 21809 usecs
[    3.590000] calling  atmel_ac97c_init+0x0/0x14 @ 1
[    3.590000] initcall atmel_ac97c_init+0x0/0x14 returned -19 after 768 usecs
[    3.590000] calling  sock_diag_init+0x0/0xc @ 1
[    3.590000] initcall sock_diag_init+0x0/0xc returned 0 after 28 usecs
[    3.590000] calling  sysctl_ipv4_init+0x0/0xa4 @ 1
[    3.590000] initcall sysctl_ipv4_init+0x0/0xa4 returned 0 after 284 usecs
[    3.590000] calling  tunnel4_init+0x0/0x70 @ 1
[    3.590000] initcall tunnel4_init+0x0/0x70 returned 0 after 2 usecs
[    3.590000] calling  cubictcp_register+0x0/0x74 @ 1
[    3.590000] TCP: cubic registered
[    3.590000] initcall cubictcp_register+0x0/0x74 returned 0 after 3183 usecs
[    3.590000] calling  inet6_init+0x0/0x264 @ 1
[    3.590000] NET: Registered protocol family 10
[    3.600000] initcall inet6_init+0x0/0x264 returned 0 after 5530 usecs
[    3.600000] calling  sit_init+0x0/0x60 @ 1
[    3.600000] sit: IPv6 over IPv4 tunneling driver
[    3.610000] initcall sit_init+0x0/0x60 returned 0 after 6271 usecs
[    3.610000] calling  packet_init+0x0/0x48 @ 1
[    3.610000] NET: Registered protocol family 17
[    3.610000] initcall packet_init+0x0/0x48 returned 0 after 4333 usecs
[    3.610000] calling  can_init+0x0/0xfc @ 1
[    3.610000] can: controller area network core (rev 20120528 abi 9)
[    3.620000] NET: Registered protocol family 29
[    3.620000] initcall can_init+0x0/0xfc returned 0 after 10544 usecs
[    3.620000] calling  lib80211_init+0x0/0x20 @ 1
[    3.620000] lib80211: common routines for IEEE802.11 drivers
[    3.630000] lib80211_crypt: registered algorithm 'NULL'
[    3.630000] initcall lib80211_init+0x0/0x20 returned 0 after 5529 usecs
[    3.630000] calling  vfp_init+0x0/0x164 @ 1
[    3.630000] VFP support v0.3: implementor 41 architecture 2 part 30 variant 5 rev 1
[    3.630000] initcall vfp_init+0x0/0x164 returned 0 after 7444 usecs
[    3.630000] calling  init_machine_late+0x0/0x28 @ 1
[    3.630000] initcall init_machine_late+0x0/0x28 returned 0 after 1 usecs
[    3.630000] calling  at91_clock_reset+0x0/0xc8 @ 1
[    3.630000] initcall at91_clock_reset+0x0/0xc8 returned 0 after 13 usecs
[    3.630000] calling  init_oops_id+0x0/0x4c @ 1
[    3.630000] initcall init_oops_id+0x0/0x4c returned 0 after 44 usecs
[    3.640000] calling  printk_late_init+0x0/0x6c @ 1
[    3.640000] initcall printk_late_init+0x0/0x6c returned 0 after 1 usecs
[    3.640000] calling  pm_qos_power_init+0x0/0x60 @ 1
[    3.640000] initcall pm_qos_power_init+0x0/0x60 returned 0 after 1895 usecs
[    3.640000] calling  pm_debugfs_init+0x0/0x38 @ 1
[    3.640000] initcall pm_debugfs_init+0x0/0x38 returned 0 after 25 usecs
[    3.640000] calling  ubifs_init+0x0/0xd4 @ 1
[    3.640000] initcall ubifs_init+0x0/0xd4 returned 0 after 978 usecs
[    3.640000] calling  random32_reseed+0x0/0x60 @ 1
[    3.640000] initcall random32_reseed+0x0/0x60 returned 0 after 57 usecs
[    3.640000] calling  random_int_secret_init+0x0/0x1c @ 1
[    3.640000] initcall random_int_secret_init+0x0/0x1c returned 0 after 84 usecs
[    3.640000] calling  deferred_probe_initcall+0x0/0x6c @ 1
[    3.640000] initcall deferred_probe_initcall+0x0/0x6c returned 0 after 161 usecs
[    3.640000] calling  gpio_keys_init+0x0/0xc @ 1
[    3.640000] initcall gpio_keys_init+0x0/0xc returned 0 after 545 usecs
[    3.640000] calling  rtc_hctosys+0x0/0x118 @ 1
[    3.640000] at91_rtc fffffeb0.rtc: setting system clock to 2007-01-01 02:21:46 UTC (1167618106)
[    3.650000] initcall rtc_hctosys+0x0/0x118 returned 0 after 8561 usecs
[    3.650000] calling  atmci_init+0x0/0x14 @ 1
[    3.650000] atmel_mci f0000000.mmc: version: 0x505
[    3.650000] atmel_mci f0000000.mmc: using dma0chan5 for DMA transfers
[    3.700000] atmel_mci f0000000.mmc: Atmel MCI controller at 0xf0000000 irq 17, 1 slots
[    3.700000] atmel_mci f8000000.mmc: version: 0x505
[    3.710000] atmel_mci f8000000.mmc: using dma1chan0 for DMA transfers
[    3.760000] atmel_mci f8000000.mmc: Atmel MCI controller at 0xf8000000 irq 27, 1 slots
[    3.760000] initcall atmci_init+0x0/0x14 returned 0 after 113846 usecs
[    3.760000] calling  atmel_aes_init+0x0/0x14 @ 1
[    3.770000] atmel_aes f8038000.aes: version: 0x135
[    3.770000] atmel_aes f8038000.aes: Atmel AES
[    3.780000] initcall atmel_aes_init+0x0/0x14 returned 0 after 11516 usecs
[    3.780000] calling  atmel_tdes_init+0x0/0x14 @ 1
[    3.780000] atmel_tdes f803c000.tdes: version: 0x701
[    3.780000] atmel_tdes f803c000.tdes: Atmel DES/TDES
[    3.790000] initcall atmel_tdes_init+0x0/0x14 returned 0 after 13017 usecs
[    3.790000] calling  atmel_sha_drv_init+0x0/0x14 @ 1
[    3.790000] atmel_sha f8034000.sha: version: 0x410
[    3.800000] atmel_sha f8034000.sha: Atmel SHA1/SHA256
[    3.800000] initcall atmel_sha_drv_init+0x0/0x14 returned 0 after 11421 usecs
[    3.800000] calling  net_secret_init+0x0/0x1c @ 1
[    3.800000] initcall net_secret_init+0x0/0x1c returned 0 after 108 usecs
[    3.800000] calling  tcp_congestion_default+0x0/0xc @ 1
[    3.800000] initcall tcp_congestion_default+0x0/0xc returned 0 after 4 usecs
[    3.800000] calling  tcp_fastopen_init+0x0/0x8 @ 1
[    3.800000] initcall tcp_fastopen_init+0x0/0x8 returned 0 after 0 usecs
[    3.800000] calling  ip_auto_config+0x0/0x70c @ 1
[    3.800000] initcall ip_auto_config+0x0/0x70c returned 0 after 43 usecs
[    3.800000] calling  alsa_sound_last_init+0x0/0x6c @ 1
[    3.800000] ALSA device list:
[    3.810000]   #0: wm8904 @ SAMA5D3EK
[    3.810000] initcall alsa_sound_last_init+0x0/0x6c returned 0 after 6328 usecs
[    3.810000] calling  initialize_hashrnd+0x0/0x1c @ 1
[    3.810000] initcall initialize_hashrnd+0x0/0x1c returned 0 after 28 usecs
[    3.810000] UBIFS DBG (pid 554): ubifs_bg_thread: background thread "ubifs_bgt0_0" started, PID 554
[    3.860000] UBIFS: mounted UBI device 0, volume 0, name "rootfs"
[    3.860000] UBIFS: file system size:   244682752 bytes (238948 KiB, 233 MiB, 1927 LEBs)
[    3.870000] UBIFS: journal size:       9023488 bytes (8812 KiB, 8 MiB, 72 LEBs)
[    3.880000] UBIFS: media format:       w4/r0 (latest is w4/r0)
[    3.880000] UBIFS: default compressor: lzo
[    3.890000] UBIFS: reserved for root:  0 bytes (0 KiB)
[    3.890000] UBIFS DBG (pid 1): mount_ubifs: compiled on:         Aug 12 2013 at 12:00:05
[    3.890000] UBIFS DBG (pid 1): mount_ubifs: min. I/O unit size:  2048 bytes
[    3.890000] UBIFS DBG (pid 1): mount_ubifs: max. write size:     2048 bytes
[    3.890000] UBIFS DBG (pid 1): mount_ubifs: LEB size:            126976 bytes (124 KiB)
[    3.890000] UBIFS DBG (pid 1): mount_ubifs: data journal heads:  1
[    3.890000] UBIFS DBG (pid 1): mount_ubifs: UUID:                DD711C09-EE08-45E3-9EB6-E8459507354D
[    3.890000] UBIFS DBG (pid 1): mount_ubifs: big_lpt              0
[    3.890000] UBIFS DBG (pid 1): mount_ubifs: log LEBs:            5 (3 - 7)
[    3.890000] UBIFS DBG (pid 1): mount_ubifs: LPT area LEBs:       2 (8 - 9)
[    3.890000] UBIFS DBG (pid 1): mount_ubifs: orphan area LEBs:    1 (10 - 10)
[    3.890000] UBIFS DBG (pid 1): mount_ubifs: main area LEBs:      1927 (11 - 1937)
[    3.890000] UBIFS DBG (pid 1): mount_ubifs: index LEBs:          4
[    3.890000] UBIFS DBG (pid 1): mount_ubifs: total index bytes:   385936 (376 KiB, 0 MiB)
[    3.890000] UBIFS DBG (pid 1): mount_ubifs: key hash type:       0
[    3.890000] UBIFS DBG (pid 1): mount_ubifs: tree fanout:         8
[    3.890000] UBIFS DBG (pid 1): mount_ubifs: reserved GC LEB:     221
[    3.890000] UBIFS DBG (pid 1): mount_ubifs: first main LEB:      11
[    3.890000] UBIFS DBG (pid 1): mount_ubifs: max. znode size      240
[    3.890000] UBIFS DBG (pid 1): mount_ubifs: max. index node size 192
[    3.890000] UBIFS DBG (pid 1): mount_ubifs: node sizes:          data 48, inode 160, dentry 56
[    3.890000] UBIFS DBG (pid 1): mount_ubifs: node sizes:          trun 56, sb 4096, master 512
[    3.890000] UBIFS DBG (pid 1): mount_ubifs: node sizes:          ref 64, cmt. start 32, orph 32
[    3.890000] UBIFS DBG (pid 1): mount_ubifs: max. node sizes:     data 4144, inode 4256 dentry 312, idx 188
[    3.890000] UBIFS DBG (pid 1): mount_ubifs: dead watermark:      2048
[    3.890000] UBIFS DBG (pid 1): mount_ubifs: dark watermark:      6144
[    3.890000] UBIFS DBG (pid 1): mount_ubifs: LEB overhead:        2656
[    3.890000] UBIFS DBG (pid 1): mount_ubifs: max. dark space:     11839488 (11562 KiB, 11 MiB)
[    3.890000] UBIFS DBG (pid 1): mount_ubifs: maximum bud bytes:   8388608 (8192 KiB, 8 MiB)
[    3.890000] UBIFS DBG (pid 1): mount_ubifs: BG commit bud bytes: 6815744 (6656 KiB, 6 MiB)
[    3.890000] UBIFS DBG (pid 1): mount_ubifs: current bud bytes    104448 (102 KiB, 0 MiB)
[    3.890000] UBIFS DBG (pid 1): mount_ubifs: max. seq. number:    17690
[    3.890000] UBIFS DBG (pid 1): mount_ubifs: commit number:       6
[    3.890000] VFS: Mounted root (ubifs filesystem) on device 0:11.
[    3.900000] devtmpfs: mounted
[    3.910000] Freeing init memory: 148K
