[0.000001 0.000001] RomBOOT
[0.054503 0.054503] 
[0.054746 0.000243] 
[0.054905 0.000159] AT91Bootstrap 3.5.2 (Wed Jan 30 18:42:28 CET 2013)
[0.059097 0.004192] 
[0.059244 0.000147] 1-Wire: Loading 1-Wire information ...
[0.062739 0.003495] 1-Wire: ROM Searching ... Done, 0x3 1-Wire chips found
[0.110123 0.047384] 
[0.110298 0.000175] 1-Wire: BoardName | [Revid] | VendorName
[0.162673 0.052375]   #0x0  SAMA5D34-CM [C9]      EMBEST
[0.214758 0.052085]   #0x1  SAMA5D3x-MB [B9]      FLEX
[0.266486 0.051728]   #0x2  SAMA5D3x-DM [A9]      FLEX
[0.269394 0.002908] 
[0.269691 0.000297] NAND: ONFI flash detected
[0.272369 0.002678] NAND: Image: Copy 0x80000 bytes from 0x40000 to 0x26f00000
[0.561584 0.289215] NAND: Done to load image
[1.032138 0.470554] 
[1.032340 0.000202] 
[1.032433 0.000093] U-Boot 2012.10-00062-g8978bda (Jan 30 2013 - 18:45:18)
[1.037094 0.004661] 
[1.037187 0.000093] CPU: AT91SAMA5D34
[1.038849 0.001662] Crystal frequency:       12 MHz
[1.041726 0.002877] CPU clock        :      528 MHz
[1.044622 0.002896] Master clock     :      132 MHz
[1.047515 0.002893] DRAM:  512 MiB
[1.093171 0.045656] WARNING: Caches not enabled
[1.180461 0.087290] NAND:  ONFI params, minimum required ECC: 4
[1.185253 0.004792] 256 MiB
[1.186129 0.000876] MMC:   mci: 0
[2.053906 0.867777] In:    serial
[2.054954 0.001048] Out:   serial
[2.056309 0.001355] Err:   serial
[2.057684 0.001375] Net:   gmacb0
[2.059049 0.001365] Warning: failed to set MAC address
[2.062168 0.003119] 
[2.062273 0.000105] Hit any key to stop autoboot:  0 
[3.068468 1.006195] 
[3.068633 0.000165] NAND read: device 0 offset 0x180000, size 0x50f3
[3.088519 0.019886]  20723 bytes read: OK
[3.090335 0.001816] 
[3.090420 0.000085] NAND read: device 0 offset 0x200000, size 0x2b3dd8
[5.077446 1.987026]  2833880 bytes read: OK
[5.079500 0.002054] ## Booting kernel from Legacy Image at 22000000 ...
[5.084099 0.004599]    Image Name:   Linux-3.6.9+
[5.086803 0.002704]    Image Type:   ARM Linux Kernel Image (uncompressed)
[5.091707 0.004904]    Data Size:    2833816 Bytes = 2.7 MiB
[5.095353 0.003646]    Load Address: 20008000
[5.097713 0.002360]    Entry Point:  20008000
[5.100074 0.002361]    Verifying Checksum ... OK
[5.716526 0.616452] ## Flattened Device Tree blob at 21000000
[5.720252 0.003726]    Booting using the fdt blob at 0x21000000
[5.724108 0.003856]    Loading Kernel Image ... OK
[7.249890 1.525782] OK
[7.250245 0.000355]    Loading Device Tree to 3fd82000, end 3fd8a0f2 ... OK
[7.265476 0.015231] Device tree update:
[7.278548 0.013072]   mb-rev property set to B
[7.318721 0.040173]   pinctrl for isi on mb rev B successfully updated
[7.323208 0.004487] 
[7.323299 0.000091] Starting kernel ...
[7.325223 0.001924] 
[8.732463 1.407240] Booting Linux on physical CPU 0
[8.735061 0.002598] Linux version 3.6.9+ (nferre@tenerife) (gcc version 4.6.1 (Ubuntu/Linaro 4.6.1-9ubuntu3) ) #1 Wed Jan 30 19:42:51 CET 2013
[8.745852 0.010791] CPU: ARMv7 Processor [410fc051] revision 1 (ARMv7), cr=10c53c7d
[8.751525 0.005673] CPU: PIPT / VIPT nonaliasing data cache, VIPT aliasing instruction cache
[8.757981 0.006456] Machine: Atmel SAMA5 (Device Tree), model: Atmel SAMA5D34-EK
[8.763374 0.005393] Memory policy: ECC disabled, Data cache writeback
[8.767843 0.004469] AT91: Detected soc type: sama5d3
[8.770808 0.002965] AT91: Detected soc subtype: sama5d34
[8.774132 0.003324] AT91: sram at 0x300000 of 0x20000 mapped at 0xfef58000
[8.779015 0.004883] Clocks: CPU 528 MHz, master 132 MHz, main 12.000 MHz
[8.783739 0.004724] Built 1 zonelists in Zone order, mobility grouping on.  Total pages: 130048
[8.790448 0.006709] Kernel command line: console=ttyS0,115200 mtdparts=atmel_nand:8M(bootstrap/uboot/kernel)ro,-(rootfs) rw rootfstype=ubifs ubi.mtd=1 root=ubi0:rootfs
[8.803444 0.012996] PID hash table entries: 2048 (order: 1, 8192 bytes)
[8.808079 0.004635] Dentry cache hash table entries: 65536 (order: 6, 262144 bytes)
[8.813759 0.005680] Inode-cache hash table entries: 32768 (order: 5, 131072 bytes)
[8.819331 0.005572] Memory: 512MB = 512MB total
[8.821882 0.002551] Memory: 514160k/514160k available, 10128k reserved, 0K highmem
[8.827470 0.005588] Virtual kernel memory layout:
[8.830149 0.002679]     vector  : 0xffff0000 - 0xffff1000   (   4 kB)
[8.834608 0.004459]     fixmap  : 0xfff00000 - 0xfffe0000   ( 896 kB)
[8.839058 0.004450]     vmalloc : 0xe0800000 - 0xff000000   ( 488 MB)
[8.843509 0.004451]     lowmem  : 0xc0000000 - 0xe0000000   ( 512 MB)
[8.847961 0.004452]     modules : 0xbf000000 - 0xc0000000   (  16 MB)
[8.852407 0.004446]       .text : 0xc0008000 - 0xc04f38b8   (5039 kB)
[8.856891 0.004484]       .init : 0xc04f4000 - 0xc0519484   ( 150 kB)
[8.861315 0.004424]       .data : 0xc051a000 - 0xc054a580   ( 194 kB)
[8.865764 0.004449]        .bss : 0xc054a5a4 - 0xc05628a8   (  97 kB)
[8.870234 0.004470] NR_IRQS:16 nr_irqs:16 16
[8.872486 0.002252] sched_clock: 32 bits at 100 Hz, resolution 10000000ns, wraps every 4294967286ms
[8.879550 0.007064] Console: colour dummy device 80x30
[8.882693 0.003143] Calibrating delay loop... 262.96 BogoMIPS (lpj=1314816)
[8.887700 0.005007] pid_max: default: 32768 minimum: 301
[8.890984 0.003284] Mount-cache hash table entries: 512
[8.894240 0.003256] CPU: Testing write buffer coherency: ok
[8.897793 0.003553] Setting up static identity map for 0x203b1238 - 0x203b1290
[8.903028 0.005235] devtmpfs: initialized
[8.905037 0.002009] pinctrl core: initialized pinctrl subsystem
[8.908964 0.003927] NET: Registered protocol family 16
[8.912103 0.003139] DMA: preallocated 256 KiB pool for atomic coherent allocations
[8.917709 0.005606] AT91: mb rev: B
[8.919143 0.001434] AT91: Power Management (with slow clock mode)
[8.923277 0.004134] gpio-at91 fffff200.gpio: at address fefff200
[8.927292 0.004015] gpio-at91 fffff400.gpio: at address fefff400
[8.931305 0.004013] gpio-at91 fffff600.gpio: at address fefff600
[8.935318 0.004013] gpio-at91 fffff800.gpio: at address fefff800
[8.939332 0.004014] gpio-at91 fffffa00.gpio: at address fefffa00
[8.943346 0.004014] pinctrl-at91 pinctrl.3: initialized AT91 pinctrl driver
[8.948352 0.005006] bio: create slab <bio-0> at 0
[8.951030 0.002678] at_hdmac ffffe600.dma-controller: Atmel AHB DMA Controller ( cpy slave ), 8 channels
[8.958532 0.007502] at_hdmac ffffe800.dma-controller: Atmel AHB DMA Controller ( cpy slave ), 8 channels
[8.966048 0.007516] SCSI subsystem initialized
[8.968478 0.002430] usbcore: registered new interface driver usbfs
[8.972685 0.004207] usbcore: registered new interface driver hub
[8.976679 0.003994] usbcore: registered new device driver usb
[8.980441 0.003762] /ahb/apb/i2c@f0014000: can't parse dma property (-2)
[8.985151 0.004710] at91_i2c f0014000.i2c: AT91 i2c bus driver.
[8.989084 0.003933] at91_i2c f0018000.i2c: using dma0chan0 (tx) and dma0chan1 (rx) for DMA transfers
[8.996257 0.007173] at91_i2c f0018000.i2c: AT91 i2c bus driver.
[9.000164 0.003907] Linux media interface: v0.10
[9.002782 0.002618] Linux video capture interface: v2.00
[9.006069 0.003287] Advanced Linux Sound Architecture Driver Version 1.0.25.
[9.011158 0.005089] cfg80211: Calling CRDA to update world regulatory domain
[9.016225 0.005067] Switching to clocksource tcb_clksrc
[9.019438 0.003213] NET: Registered protocol family 2
[9.022506 0.003068] TCP established hash table entries: 16384 (order: 5, 131072 bytes)
[9.028442 0.005936] TCP bind hash table entries: 16384 (order: 4, 65536 bytes)
[9.033675 0.005233] TCP: Hash tables configured (established 16384 bind 16384)
[9.038892 0.005217] TCP: reno registered
[9.040835 0.001943] UDP hash table entries: 256 (order: 0, 4096 bytes)
[9.045386 0.004551] UDP-Lite hash table entries: 256 (order: 0, 4096 bytes)
[9.050348 0.004962] NET: Registered protocol family 1
[9.053402 0.003054] RPC: Registered named UNIX socket transport module.
[9.058026 0.004624] RPC: Registered udp transport module.
[9.061428 0.003402] RPC: Registered tcp transport module.
[9.064904 0.003476] RPC: Registered tcp NFSv4.1 backchannel transport module.
[9.069953 0.005049] jffs2: version 2.2. (NAND) (SUMMARY)  Â© 2001-2006 Red Hat, Inc.
[9.075756 0.005803] msgmni has been set to 1004
[9.078280 0.002524] io scheduler noop registered (default)
[9.081764 0.003484] atmel_hlcdfb atmel_hlcdfb_base: 1500KiB frame buffer at 3f000000 (mapped at e08a4000)
[9.089359 0.007595] Console: switching to colour frame buffer device 100x30
[9.095973 0.006614] atmel_hlcdfb atmel_hlcdfb_base: fb0: Atmel LCDC at 0xf0030000 (mapped at e0a1c000), irq 26
[9.102380 0.006407] atmel_hlcdfb atmel_hlcdfb_ovl1: 1500KiB frame buffer at 3f200000 (mapped at e0a20000)
[9.109953 0.007573] atmel_hlcdfb atmel_hlcdfb_ovl1: fb1: Atmel LCDC at 0xf0030140 (mapped at e0b9a140), irq -6
[9.117982 0.008029] atmel_hlcdfb atmel_hlcdfb_ovl2: 1500KiB frame buffer at 3ec00000 (mapped at e0b9e000)
[9.125545 0.007563] atmel_hlcdfb atmel_hlcdfb_ovl2: fb2: Atmel LCDC at 0xf0030240 (mapped at e0d18240), irq -6
[9.133607 0.008062] f0020000.serial: ttyS2 at MMIO 0xf0020000 (irq = 24) is a ATMEL_SERIAL
[9.139887 0.006280] ffffee00.serial: ttyS0 at MMIO 0xffffee00 (irq = 36) is a ATMEL_SERIAL
[9.146174 0.006287] console [ttyS0] enabled
[9.156095 0.009921] brd: module loaded
[9.169837 0.013742] loop: module loaded
[9.172140 0.002303] ssc f0008000.ssc: Atmel SSC device at 0xe0d20000 (irq 19)
[9.177996 0.005856] at24 1-0050: 32768 byte 24c256 EEPROM, writable, 64 bytes/write
[9.187743 0.009747] atmel_nand 60000000.nand: Using NFC
[9.192786 0.005043] atmel_nand: Use On Flash BBT
[9.195495 0.002709] atmel_nand 60000000.nand: Using dma0chan2 for DMA transfers.
[9.201408 0.005913] ONFI param page 0 valid
[9.203259 0.001851] ONFI flash detected
[9.205089 0.001830] NAND device: Manufacturer ID: 0x2c, Chip ID: 0xda (Micron MT29F2G08ABAEAWP), page size: 2048, OOB size: 64
[9.214518 0.009429] ONFI params, minimum required ECC: 4
[9.217852 0.003334] atmel_nand 60000000.nand: Initialize PMECC params, cap: 4, sector: 512
[9.224169 0.006317] atmel_nand 60000000.nand: Using NFC Sram
[9.228065 0.003896] Bad block table found at page 131008, version 0x01
[9.232905 0.004840] Bad block table found at page 130944, version 0x01
[9.237791 0.004886] 2 cmdlinepart partitions found on MTD device atmel_nand
[9.242770 0.004979] Creating 2 MTD partitions on "atmel_nand":
[9.246671 0.003901] 0x000000000000-0x000000800000 : "bootstrap/uboot/kernel"
[9.254801 0.008130] 0x000000800000-0x000010000000 : "rootfs"
[9.263075 0.008274] UBI: attaching mtd1 to ubi0
[9.265695 0.002620] UBI: physical eraseblock size:   131072 bytes (128 KiB)
[9.270677 0.004982] UBI: logical eraseblock size:    126976 bytes
[9.276444 0.005767] UBI: smallest flash I/O unit:    2048
[9.278227 0.001783] UBI: VID header offset:          2048 (aligned 2048)
[9.282896 0.004669] UBI: data offset:                4096
[10.182321 0.899425] UBI: max. sequence number:       15
[10.196106 0.013785] UBI: attached mtd1 to ubi0
[10.199932 0.003826] UBI: MTD device name:            "rootfs"
[10.202266 0.002334] UBI: MTD device size:            248 MiB
[10.205915 0.003649] UBI: number of good PEBs:        1980
[10.209329 0.003414] UBI: number of bad PEBs:         4
[10.213752 0.004423] UBI: number of corrupted PEBs:   0
[10.215648 0.001896] UBI: max. allowed volumes:       128
[10.218939 0.003291] UBI: wear-leveling threshold:    4096
[10.222339 0.003400] UBI: number of internal volumes: 1
[10.225482 0.003143] UBI: number of user volumes:     1
[10.228622 0.003140] UBI: available PEBs:             0
[10.231763 0.003141] UBI: total number of reserved PEBs: 1980
[10.235426 0.003663] UBI: number of PEBs reserved for bad PEB handling: 38
[10.240233 0.004807] UBI: max/mean erase counter: 2/0
[10.243194 0.002961] UBI: image sequence number:  1823271731
[10.247423 0.004229] atmel_spi f0004000.spi: Using dma0chan3 (tx) and  dma0chan4 (rx) for DMA transfers
[10.254777 0.007354] atmel_spi f0004000.spi: Atmel SPI Controller at 0xf0004000 (irq 18)
[10.261110 0.006333] UBI: background thread "ubi_bgt0d" started, PID 430
[10.266055 0.004945] atmel_spi f0004000.spi: master is unqueued, this is deprecated
[10.272688 0.006633] m25p80 spi32766.0: at25df321a (4096 Kbytes)
[10.282719 0.010031] CAN device driver interface
[10.287184 0.004465] at91_can f000c000.can: device registered (reg_base=e0d7a000, irq=20)
[10.295183 0.007999] at91_can f8010000.can: device registered (reg_base=e0d7c000, irq=28)
[10.302415 0.007232] macb f0028000.ethernet: (unregistered net_device): invalid hw address, using random
[10.315004 0.012589] libphy: MACB_mii_bus: probed
[10.317736 0.002732] macb f0028000.ethernet: eth0: Cadence GEM at 0xf0028000 irq 25 (b2:be:bb:11:0f:7e)
[10.325077 0.007341] macb f0028000.ethernet: eth0: attached PHY driver [Micrel KSZ9021 Gigabit PHY] (mii_bus:phy_addr=f0028000.etherne:07, irq=-1)
[10.337440 0.012363] ehci_hcd: USB 2.0 'Enhanced' Host Controller (EHCI) Driver
[10.342773 0.005333] atmel-ehci 700000.ehci: Atmel EHCI UHP HS
[10.346573 0.003800] atmel-ehci 700000.ehci: new USB bus registered, assigned bus number 1
[10.353412 0.006839] atmel-ehci 700000.ehci: irq 44, io mem 0x00700000
[10.374320 0.020908] atmel-ehci 700000.ehci: USB 2.0 started, EHCI 1.00
[10.378881 0.004561] usb usb1: New USB device found, idVendor=1d6b, idProduct=0002
[10.384387 0.005506] usb usb1: New USB device strings: Mfr=3, Product=2, SerialNumber=1
[10.390319 0.005932] usb usb1: Product: Atmel EHCI UHP HS
[10.393640 0.003321] usb usb1: Manufacturer: Linux 3.6.9+ ehci_hcd
[10.397713 0.004073] usb usb1: SerialNumber: 700000.ehci
[10.402656 0.004943] hub 1-0:1.0: USB hub found
[10.405114 0.002458] hub 1-0:1.0: 3 ports detected
[10.408578 0.003464] ohci_hcd: USB 1.1 'Open' Host Controller (OHCI) Driver
[10.413980 0.005402] at91_ohci 600000.ohci: AT91 OHCI
[10.416998 0.003018] at91_ohci 600000.ohci: new USB bus registered, assigned bus number 2
[10.423173 0.006175] at91_ohci 600000.ohci: irq 44, io mem 0x00600000
[10.488587 0.065414] usb usb2: New USB device found, idVendor=1d6b, idProduct=0001
[10.494098 0.005511] usb usb2: New USB device strings: Mfr=3, Product=2, SerialNumber=1
[10.499931 0.005833] usb usb2: Product: AT91 OHCI
[10.504037 0.004106] usb usb2: Manufacturer: Linux 3.6.9+ ohci_hcd
[10.506823 0.002786] usb usb2: SerialNumber: at91
[10.511008 0.004185] hub 2-0:1.0: USB hub found
[10.513456 0.002448] hub 2-0:1.0: 3 ports detected
[10.517534 0.004078] usbcore: registered new interface driver cdc_acm
[10.521865 0.004331] cdc_acm: USB Abstract Control Model driver for USB modems and ISDN adapters
[10.528562 0.006697] Initializing USB Mass Storage driver...
[10.532613 0.004051] usbcore: registered new interface driver usb-storage
[10.537301 0.004688] USB Mass Storage support registered.
[10.541732 0.004431] atmel_usba_udc 500000.gadget: MMIO registers at 0xf8030000 mapped at e0d88000
[10.548731 0.006999] atmel_usba_udc 500000.gadget: FIFO at 0x00500000 mapped at e2800000
[10.557691 0.008960] qt1070 1-001b: AT42QT1070 firmware version 15
[11.036259 0.478568] input: AT42QT1070 QTouch Sensor as /devices/ahb.0/apb.1/f0018000.i2c/i2c-1/1-001b/input/input0
[11.046836 0.010577] atmel_tsadcc f8018000.tsadcc: Master clock is set at: 66000000 Hz
[11.052748 0.005912] atmel_tsadcc f8018000.tsadcc: Prescaler is set at: 109
[11.058378 0.005630] input: atmel touch screen controller as /devices/ahb.0/apb.1/f8018000.tsadcc/input/input1
[11.068797 0.010419] at91_rtc fffffeb0.rtc: rtc core: registered fffffeb0.rtc as rtc0
[11.074521 0.005724] AT91 Real Time Clock driver.
[11.077517 0.002996] i2c /dev entries driver
[11.082627 0.005110] at91sam9x5-video f0030340.lcdheo1: video device registered @ 0xe0d82340, irq = 26
[11.090363 0.007736] gspca_main: v2.14.0 registered
[11.094800 0.004437] usbcore: registered new interface driver uvcvideo
[11.100121 0.005321] USB Video Class driver (1.1.1)
[11.105110 0.004989] usbcore: registered new interface driver usbhid
[11.109366 0.004256] usbhid: USB HID core driver
[11.116437 0.007071] wm8904 0-001a: revision A
[11.124504 0.008067] sama5d3ek-audio sound.5: setting pck0 to 32768Hz
[11.131924 0.007420] sama5d3ek-audio sound.5:  wm8904-hifi <-> f0008000.ssc mapping ok
[11.142554 0.010630] TCP: cubic registered
[11.144552 0.001998] NET: Registered protocol family 10
[11.148782 0.004230] sit: IPv6 over IPv4 tunneling driver
[11.153807 0.005025] NET: Registered protocol family 17
[11.156981 0.003174] can: controller area network core (rev 20120528 abi 9)
[11.162671 0.005690] NET: Registered protocol family 29
[11.165113 0.002442] lib80211: common routines for IEEE802.11 drivers
[11.169548 0.004435] VFP support v0.3: implementor 41 architecture 2 part 30 variant 5 rev 1
[11.179716 0.010168] at91_rtc fffffeb0.rtc: setting system clock to 2007-01-01 01:08:39 UTC (1167613719)
[11.187850 0.008134] atmel_mci f0000000.mmc: version: 0x505
[11.191359 0.003509] atmel_mci f0000000.mmc: using dma0chan5 for DMA transfers
[11.235389 0.044030] atmel_mci f0000000.mmc: Atmel MCI controller at 0xf0000000 irq 17, 1 slots
[11.242447 0.007058] atmel_mci f8000000.mmc: version: 0x505
[11.245975 0.003528] atmel_mci f8000000.mmc: using dma1chan0 for DMA transfers
[11.285465 0.039490] atmel_mci f8000000.mmc: Atmel MCI controller at 0xf8000000 irq 27, 1 slots
[11.293795 0.008330] atmel_aes f8038000.aes: version: 0x135
[11.298962 0.005167] atmel_aes f8038000.aes: Atmel AES
[11.302660 0.003698] atmel_tdes f803c000.tdes: version: 0x701
[11.310374 0.007714] atmel_tdes f803c000.tdes: Atmel DES/TDES
[11.313096 0.002722] atmel_sha f8034000.sha: version: 0x410
[11.317676 0.004580] atmel_sha f8034000.sha: Atmel SHA1/SHA256
[11.321974 0.004298] ALSA device list:
[11.323664 0.001690]   #0: wm8904 @ SAMA5D3EK
[11.351062 0.027398] UBIFS: recovery needed
[11.422447 0.071385] UBIFS: recovery completed
[11.424812 0.002365] UBIFS: mounted UBI device 0, volume 0, name "rootfs"
[11.429475 0.004663] UBIFS: file system size:   244682752 bytes (238948 KiB, 233 MiB, 1927 LEBs)
[11.436154 0.006679] UBIFS: journal size:       9023488 bytes (8812 KiB, 8 MiB, 72 LEBs)
[11.442180 0.006026] UBIFS: media format:       w4/r0 (latest is w4/r0)
[11.446719 0.004539] UBIFS: default compressor: lzo
[11.449509 0.002790] UBIFS: reserved for root:  0 bytes (0 KiB)
[11.454929 0.005420] VFS: Mounted root (ubifs filesystem) on device 0:11.
[11.460492 0.005563] devtmpfs: mounted
[11.462545 0.002053] Freeing init memory: 148K
[11.539546 0.077001] init started: BusyBox v1.21.0 (2013-08-09 12:47:55 CEST)
[11.697133 0.157587] 
[11.697275 0.000142] Starting video player
[13.003593 1.306318] 
[13.003734 0.000141] Done playing video
[16.672998 3.669264] Starting logging: OK
[16.736175 0.063177] Starting portmap: done
[16.796570 0.060395] Initializing random number generator... done.
[16.837758 0.041188] ALSA: Restoring mixer settings...
[16.849228 0.011470] Starting network...
[16.986070 0.136842] Starting sshd: OK
[17.411673 0.425603] 
[17.412267 0.000594] Welcome to Buildroot
[17.414244 0.001977] buildroot login:
