[0.000001 0.000001] RomBOOT
[0.054393 0.054393] 
[0.054552 0.000159] 
[0.054626 0.000074] AT91Bootstrap 3.5.2 (Wed Jan 30 18:42:28 CET 2013)
[0.058947 0.004321] 
[0.059216 0.000269] 1-Wire: Loading 1-Wire information ...
[0.062616 0.003400] 1-Wire: ROM Searching ... Done, 0x3 1-Wire chips found
[0.110010 0.047394] 
[0.110154 0.000144] 1-Wire: BoardName | [Revid] | VendorName
[0.162494 0.052340]   #0x0  SAMA5D34-CM [C9]      EMBEST
[0.214487 0.051993]   #0x1  SAMA5D3x-MB [B9]      FLEX
[0.266407 0.051920]   #0x2  SAMA5D3x-DM [A9]      FLEX
[0.269385 0.002978] 
[0.269567 0.000182] NAND: ONFI flash detected
[0.272243 0.002676] NAND: Image: Copy 0x80000 bytes from 0x40000 to 0x26f00000
[0.561295 0.289052] NAND: Done to load image
[1.032062 0.470767] 
[1.032289 0.000227] 
[1.032380 0.000091] U-Boot 2012.10-00062-g8978bda (Jan 30 2013 - 18:45:18)
[1.037059 0.004679] 
[1.037162 0.000103] CPU: AT91SAMA5D34
[1.038765 0.001603] Crystal frequency:       12 MHz
[1.041624 0.002859] CPU clock        :      528 MHz
[1.044504 0.002880] Master clock     :      132 MHz
[1.047394 0.002890] DRAM:  512 MiB
[1.092999 0.045605] WARNING: Caches not enabled
[1.180261 0.087262] NAND:  ONFI params, minimum required ECC: 4
[1.185153 0.004892] 256 MiB
[1.185869 0.000716] MMC:   mci: 0
[2.053787 0.867918] In:    serial
[2.054922 0.001135] Out:   serial
[2.056258 0.001336] Err:   serial
[2.057552 0.001294] Net:   gmacb0
[2.058908 0.001356] Warning: failed to set MAC address
[2.062039 0.003131] 
[2.062134 0.000095] Hit any key to stop autoboot:  0 
[3.068368 1.006234] 
[3.068579 0.000211] NAND read: device 0 offset 0x180000, size 0x50f3
[3.088250 0.019671]  20723 bytes read: OK
[3.090323 0.002073] 
[3.090532 0.000209] NAND read: device 0 offset 0x200000, size 0x2b3dd8
[5.077401 1.986869]  2833880 bytes read: OK
[5.079345 0.001944] ## Booting kernel from Legacy Image at 22000000 ...
[5.084131 0.004786]    Image Name:   Linux-3.6.9+
[5.086851 0.002720]    Image Type:   ARM Linux Kernel Image (uncompressed)
[5.091620 0.004769]    Data Size:    2833816 Bytes = 2.7 MiB
[5.095257 0.003637]    Load Address: 20008000
[5.097614 0.002357]    Entry Point:  20008000
[5.099986 0.002372]    Verifying Checksum ... OK
[5.716560 0.616574] ## Flattened Device Tree blob at 21000000
[5.720161 0.003601]    Booting using the fdt blob at 0x21000000
[5.724004 0.003843]    Loading Kernel Image ... OK
[7.249878 1.525874] OK
[7.250242 0.000364]    Loading Device Tree to 3fd82000, end 3fd8a0f2 ... OK
[7.265516 0.015274] Device tree update:
[7.278612 0.013096]   mb-rev property set to B
[7.318568 0.039956]   pinctrl for isi on mb rev B successfully updated
[7.323086 0.004518] 
[7.323221 0.000135] Starting kernel ...
[7.325087 0.001866] 
[8.752495 1.427408] Booting Linux on physical CPU 0
[8.754959 0.002464] Linux version 3.6.9+ (nferre@tenerife) (gcc version 4.6.1 (Ubuntu/Linaro 4.6.1-9ubuntu3) ) #1 Wed Jan 30 19:42:51 CET 2013
[8.765833 0.010874] CPU: ARMv7 Processor [410fc051] revision 1 (ARMv7), cr=10c53c7d
[8.771525 0.005692] CPU: PIPT / VIPT nonaliasing data cache, VIPT aliasing instruction cache
[8.777956 0.006431] Machine: Atmel SAMA5 (Device Tree), model: Atmel SAMA5D34-EK
[8.783334 0.005378] Memory policy: ECC disabled, Data cache writeback
[8.787797 0.004463] AT91: Detected soc type: sama5d3
[8.790706 0.002909] AT91: Detected soc subtype: sama5d34
[8.794079 0.003373] AT91: sram at 0x300000 of 0x20000 mapped at 0xfef58000
[8.798956 0.004877] Clocks: CPU 528 MHz, master 132 MHz, main 12.000 MHz
[8.803707 0.004751] Built 1 zonelists in Zone order, mobility grouping on.  Total pages: 130048
[8.810380 0.006673] Kernel command line: console=ttyS0,115200 mtdparts=atmel_nand:8M(bootstrap/uboot/kernel)ro,-(rootfs) rw rootfstype=ubifs ubi.mtd=1 root=ubi0:rootfs
[8.823423 0.013043] PID hash table entries: 2048 (order: 1, 8192 bytes)
[8.828079 0.004656] Dentry cache hash table entries: 65536 (order: 6, 262144 bytes)
[8.833703 0.005624] Inode-cache hash table entries: 32768 (order: 5, 131072 bytes)
[8.839337 0.005634] Memory: 512MB = 512MB total
[8.841832 0.002495] Memory: 514160k/514160k available, 10128k reserved, 0K highmem
[8.847457 0.005625] Virtual kernel memory layout:
[8.850064 0.002607]     vector  : 0xffff0000 - 0xffff1000   (   4 kB)
[8.854547 0.004483]     fixmap  : 0xfff00000 - 0xfffe0000   ( 896 kB)
[8.859010 0.004463]     vmalloc : 0xe0800000 - 0xff000000   ( 488 MB)
[8.863422 0.004412]     lowmem  : 0xc0000000 - 0xe0000000   ( 512 MB)
[8.867955 0.004533]     modules : 0xbf000000 - 0xc0000000   (  16 MB)
[8.872330 0.004375]       .text : 0xc0008000 - 0xc04f38b8   (5039 kB)
[8.876831 0.004501]       .init : 0xc04f4000 - 0xc0519484   ( 150 kB)
[8.881215 0.004384]       .data : 0xc051a000 - 0xc054a580   ( 194 kB)
[8.885673 0.004458]        .bss : 0xc054a5a4 - 0xc05628a8   (  97 kB)
[8.890205 0.004532] NR_IRQS:16 nr_irqs:16 16
[8.892456 0.002251] sched_clock: 32 bits at 100 Hz, resolution 10000000ns, wraps every 4294967286ms
[8.899506 0.007050] Console: colour dummy device 80x30
[8.902628 0.003122] Calibrating delay loop... 262.96 BogoMIPS (lpj=1314816)
[8.907631 0.005003] pid_max: default: 32768 minimum: 301
[8.911238 0.003607] Mount-cache hash table entries: 512
[8.914172 0.002934] CPU: Testing write buffer coherency: ok
[8.917755 0.003583] Setting up static identity map for 0x203b1238 - 0x203b1290
[8.922954 0.005199] devtmpfs: initialized
[8.924956 0.002002] pinctrl core: initialized pinctrl subsystem
[8.929047 0.004091] NET: Registered protocol family 16
[8.932080 0.003033] DMA: preallocated 256 KiB pool for atomic coherent allocations
[8.937632 0.005552] AT91: mb rev: B
[8.939092 0.001460] AT91: Power Management (with slow clock mode)
[8.943172 0.004080] gpio-at91 fffff200.gpio: at address fefff200
[8.947263 0.004091] gpio-at91 fffff400.gpio: at address fefff400
[8.951255 0.003992] gpio-at91 fffff600.gpio: at address fefff600
[8.955253 0.003998] gpio-at91 fffff800.gpio: at address fefff800
[8.959328 0.004075] gpio-at91 fffffa00.gpio: at address fefffa00
[8.963301 0.003973] pinctrl-at91 pinctrl.3: initialized AT91 pinctrl driver
[8.968302 0.005001] bio: create slab <bio-0> at 0
[8.970951 0.002649] at_hdmac ffffe600.dma-controller: Atmel AHB DMA Controller ( cpy slave ), 8 channels
[8.979350 0.008399] at_hdmac ffffe800.dma-controller: Atmel AHB DMA Controller ( cpy slave ), 8 channels
[8.986004 0.006654] SCSI subsystem initialized
[8.988455 0.002451] usbcore: registered new interface driver usbfs
[8.992628 0.004173] usbcore: registered new interface driver hub
[8.996708 0.004080] usbcore: registered new device driver usb
[9.001777 0.005069] /ahb/apb/i2c@f0014000: can't parse dma property (-2)
[9.005070 0.003293] at91_i2c f0014000.i2c: AT91 i2c bus driver.
[9.009079 0.004009] at91_i2c f0018000.i2c: using dma0chan0 (tx) and dma0chan1 (rx) for DMA transfers
[9.016206 0.007127] at91_i2c f0018000.i2c: AT91 i2c bus driver.
[9.020127 0.003921] Linux media interface: v0.10
[9.022727 0.002600] Linux video capture interface: v2.00
[9.026079 0.003352] Advanced Linux Sound Architecture Driver Version 1.0.25.
[9.031818 0.005739] cfg80211: Calling CRDA to update world regulatory domain
[9.036176 0.004358] Switching to clocksource tcb_clksrc
[9.039454 0.003278] NET: Registered protocol family 2
[9.042454 0.003000] TCP established hash table entries: 16384 (order: 5, 131072 bytes)
[9.048381 0.005927] TCP bind hash table entries: 16384 (order: 4, 65536 bytes)
[9.053633 0.005252] TCP: Hash tables configured (established 16384 bind 16384)
[9.058943 0.005310] TCP: reno registered
[9.062011 0.003068] UDP hash table entries: 256 (order: 0, 4096 bytes)
[9.065296 0.003285] UDP-Lite hash table entries: 256 (order: 0, 4096 bytes)
[9.070332 0.005036] NET: Registered protocol family 1
[9.073329 0.002997] RPC: Registered named UNIX socket transport module.
[9.077954 0.004625] RPC: Registered udp transport module.
[9.081380 0.003426] RPC: Registered tcp transport module.
[9.084830 0.003450] RPC: Registered tcp NFSv4.1 backchannel transport module.
[9.089928 0.005098] jffs2: version 2.2. (NAND) (SUMMARY)  Â© 2001-2006 Red Hat, Inc.
[9.095671 0.005743] msgmni has been set to 1004
[9.098204 0.002533] io scheduler noop registered (default)
[9.101705 0.003501] atmel_hlcdfb atmel_hlcdfb_base: 1500KiB frame buffer at 3f000000 (mapped at e08a4000)
[9.109331 0.007626] Console: switching to colour frame buffer device 100x30
[9.114298 0.004967] atmel_hlcdfb atmel_hlcdfb_base: fb0: Atmel LCDC at 0xf0030000 (mapped at e0a1c000), irq 26
[9.122294 0.007996] atmel_hlcdfb atmel_hlcdfb_ovl1: 1500KiB frame buffer at 3f200000 (mapped at e0a20000)
[9.129958 0.007664] atmel_hlcdfb atmel_hlcdfb_ovl1: fb1: Atmel LCDC at 0xf0030140 (mapped at e0b9a140), irq -6
[9.137955 0.007997] atmel_hlcdfb atmel_hlcdfb_ovl2: 1500KiB frame buffer at 3ec00000 (mapped at e0b9e000)
[9.145580 0.007625] atmel_hlcdfb atmel_hlcdfb_ovl2: fb2: Atmel LCDC at 0xf0030240 (mapped at e0d18240), irq -6
[9.153545 0.007965] f0020000.serial: ttyS2 at MMIO 0xf0020000 (irq = 24) is a ATMEL_SERIAL
[9.159829 0.006284] ffffee00.serial: ttyS0 at MMIO 0xffffee00 (irq = 36) is a ATMEL_SERIAL
[9.166131 0.006302] console [ttyS0] enabled
[9.176108 0.009977] brd: module loaded
[9.189870 0.013762] loop: module loaded
[9.192073 0.002203] ssc f0008000.ssc: Atmel SSC device at 0xe0d20000 (irq 19)
[9.197948 0.005875] at24 1-0050: 32768 byte 24c256 EEPROM, writable, 64 bytes/write
[9.207725 0.009777] atmel_nand 60000000.nand: Using NFC
[9.212803 0.005078] atmel_nand: Use On Flash BBT
[9.215421 0.002618] atmel_nand 60000000.nand: Using dma0chan2 for DMA transfers.
[9.221071 0.005650] ONFI param page 0 valid
[9.223252 0.002181] ONFI flash detected
[9.225077 0.001825] NAND device: Manufacturer ID: 0x2c, Chip ID: 0xda (Micron MT29F2G08ABAEAWP), page size: 2048, OOB size: 64
[9.234506 0.009429] ONFI params, minimum required ECC: 4
[9.237834 0.003328] atmel_nand 60000000.nand: Initialize PMECC params, cap: 4, sector: 512
[9.244176 0.006342] atmel_nand 60000000.nand: Using NFC Sram
[9.248047 0.003871] Bad block table found at page 131008, version 0x01
[9.252950 0.004903] Bad block table found at page 130944, version 0x01
[9.257822 0.004872] 2 cmdlinepart partitions found on MTD device atmel_nand
[9.262907 0.005085] Creating 2 MTD partitions on "atmel_nand":
[9.266650 0.003743] 0x000000000000-0x000000800000 : "bootstrap/uboot/kernel"
[9.274814 0.008164] 0x000000800000-0x000010000000 : "rootfs"
[9.283225 0.008411] UBI: attaching mtd1 to ubi0
[9.285828 0.002603] UBI: physical eraseblock size:   131072 bytes (128 KiB)
[9.290756 0.004928] UBI: logical eraseblock size:    126976 bytes
[9.294829 0.004073] UBI: smallest flash I/O unit:    2048
[9.298254 0.003425] UBI: VID header offset:          2048 (aligned 2048)
[9.302989 0.004735] UBI: data offset:                4096
[10.203244 0.900255] UBI: max. sequence number:       11
[10.217100 0.013856] UBI: attached mtd1 to ubi0
[10.219499 0.002399] UBI: MTD device name:            "rootfs"
[10.223199 0.003700] UBI: MTD device size:            248 MiB
[10.226825 0.003626] UBI: number of good PEBs:        1980
[10.230195 0.003370] UBI: number of bad PEBs:         4
[10.233377 0.003182] UBI: number of corrupted PEBs:   0
[10.237346 0.003969] UBI: max. allowed volumes:       128
[10.239788 0.002442] UBI: wear-leveling threshold:    4096
[10.243256 0.003468] UBI: number of internal volumes: 1
[10.246374 0.003118] UBI: number of user volumes:     1
[10.249543 0.003169] UBI: available PEBs:             0
[10.252699 0.003156] UBI: total number of reserved PEBs: 1980
[10.256318 0.003619] UBI: number of PEBs reserved for bad PEB handling: 38
[10.261156 0.004838] UBI: max/mean erase counter: 2/0
[10.264082 0.002926] UBI: image sequence number:  2045297314
[10.268338 0.004256] atmel_spi f0004000.spi: Using dma0chan3 (tx) and  dma0chan4 (rx) for DMA transfers
[10.275664 0.007326] atmel_spi f0004000.spi: Atmel SPI Controller at 0xf0004000 (irq 18)
[10.282042 0.006378] UBI: background thread "ubi_bgt0d" started, PID 430
[10.286944 0.004902] atmel_spi f0004000.spi: master is unqueued, this is deprecated
[10.293567 0.006623] m25p80 spi32766.0: at25df321a (4096 Kbytes)
[10.303578 0.010011] CAN device driver interface
[10.308081 0.004503] at91_can f000c000.can: device registered (reg_base=e0d7a000, irq=20)
[10.316047 0.007966] at91_can f8010000.can: device registered (reg_base=e0d7c000, irq=28)
[10.323319 0.007272] macb f0028000.ethernet: (unregistered net_device): invalid hw address, using random
[10.335986 0.012667] libphy: MACB_mii_bus: probed
[10.338698 0.002712] macb f0028000.ethernet: eth0: Cadence GEM at 0xf0028000 irq 25 (7e:c2:68:81:d3:f1)
[10.345947 0.007249] macb f0028000.ethernet: eth0: attached PHY driver [Micrel KSZ9021 Gigabit PHY] (mii_bus:phy_addr=f0028000.etherne:07, irq=-1)
[10.357711 0.011764] ehci_hcd: USB 2.0 'Enhanced' Host Controller (EHCI) Driver
[10.363751 0.006040] atmel-ehci 700000.ehci: Atmel EHCI UHP HS
[10.367415 0.003664] atmel-ehci 700000.ehci: new USB bus registered, assigned bus number 1
[10.373818 0.006403] atmel-ehci 700000.ehci: irq 44, io mem 0x00700000
[10.394216 0.020398] atmel-ehci 700000.ehci: USB 2.0 started, EHCI 1.00
[10.398797 0.004581] usb usb1: New USB device found, idVendor=1d6b, idProduct=0002
[10.404321 0.005524] usb usb1: New USB device strings: Mfr=3, Product=2, SerialNumber=1
[10.410247 0.005926] usb usb1: Product: Atmel EHCI UHP HS
[10.413569 0.003322] usb usb1: Manufacturer: Linux 3.6.9+ ehci_hcd
[10.417697 0.004128] usb usb1: SerialNumber: 700000.ehci
[10.422564 0.004867] hub 1-0:1.0: USB hub found
[10.425044 0.002480] hub 1-0:1.0: 3 ports detected
[10.428417 0.003373] ohci_hcd: USB 1.1 'Open' Host Controller (OHCI) Driver
[10.433943 0.005526] at91_ohci 600000.ohci: AT91 OHCI
[10.436946 0.003003] at91_ohci 600000.ohci: new USB bus registered, assigned bus number 2
[10.443069 0.006123] at91_ohci 600000.ohci: irq 44, io mem 0x00600000
[10.508576 0.065507] usb usb2: New USB device found, idVendor=1d6b, idProduct=0001
[10.513948 0.005372] usb usb2: New USB device strings: Mfr=3, Product=2, SerialNumber=1
[10.519818 0.005870] usb usb2: Product: AT91 OHCI
[10.522826 0.003008] usb usb2: Manufacturer: Linux 3.6.9+ ohci_hcd
[10.526572 0.003746] usb usb2: SerialNumber: at91
[10.530947 0.004375] hub 2-0:1.0: USB hub found
[10.533372 0.002425] hub 2-0:1.0: 3 ports detected
[10.537459 0.004087] usbcore: registered new interface driver cdc_acm
[10.541693 0.004234] cdc_acm: USB Abstract Control Model driver for USB modems and ISDN adapters
[10.549055 0.007362] Initializing USB Mass Storage driver...
[10.552569 0.003514] usbcore: registered new interface driver usb-storage
[10.557195 0.004626] USB Mass Storage support registered.
[10.561693 0.004498] atmel_usba_udc 500000.gadget: MMIO registers at 0xf8030000 mapped at e0d88000
[10.568693 0.007000] atmel_usba_udc 500000.gadget: FIFO at 0x00500000 mapped at e2800000
[10.577589 0.008896] qt1070 1-001b: AT42QT1070 firmware version 15
[11.056043 0.478454] input: AT42QT1070 QTouch Sensor as /devices/ahb.0/apb.1/f0018000.i2c/i2c-1/1-001b/input/input0
[11.068972 0.012929] atmel_tsadcc f8018000.tsadcc: Master clock is set at: 66000000 Hz
[11.074763 0.005791] atmel_tsadcc f8018000.tsadcc: Prescaler is set at: 109
[11.080439 0.005676] input: atmel touch screen controller as /devices/ahb.0/apb.1/f8018000.tsadcc/input/input1
[11.090580 0.010141] at91_rtc fffffeb0.rtc: rtc core: registered fffffeb0.rtc as rtc0
[11.096317 0.005737] AT91 Real Time Clock driver.
[11.099314 0.002997] i2c /dev entries driver
[11.104318 0.005004] at91sam9x5-video f0030340.lcdheo1: video device registered @ 0xe0d82340, irq = 26
[11.112064 0.007746] gspca_main: v2.14.0 registered
[11.116565 0.004501] usbcore: registered new interface driver uvcvideo
[11.120940 0.004375] USB Video Class driver (1.1.1)
[11.126825 0.005885] usbcore: registered new interface driver usbhid
[11.131070 0.004245] usbhid: USB HID core driver
[11.138155 0.007085] wm8904 0-001a: revision A
[11.146276 0.008121] sama5d3ek-audio sound.5: setting pck0 to 32768Hz
[11.153540 0.007264] sama5d3ek-audio sound.5:  wm8904-hifi <-> f0008000.ssc mapping ok
[11.164077 0.010537] TCP: cubic registered
[11.166333 0.002256] NET: Registered protocol family 10
[11.170312 0.003979] sit: IPv6 over IPv4 tunneling driver
[11.175444 0.005132] NET: Registered protocol family 17
[11.178573 0.003129] can: controller area network core (rev 20120528 abi 9)
[11.183544 0.004971] NET: Registered protocol family 29
[11.186662 0.003118] lib80211: common routines for IEEE802.11 drivers
[11.191189 0.004527] VFP support v0.3: implementor 41 architecture 2 part 30 variant 5 rev 1
[11.201459 0.010270] at91_rtc fffffeb0.rtc: setting system clock to 2007-01-01 02:52:15 UTC (1167619935)
[11.209578 0.008119] atmel_mci f0000000.mmc: version: 0x505
[11.214237 0.004659] atmel_mci f0000000.mmc: using dma0chan5 for DMA transfers
[11.255312 0.041075] atmel_mci f0000000.mmc: Atmel MCI controller at 0xf0000000 irq 17, 1 slots
[11.262439 0.007127] atmel_mci f8000000.mmc: version: 0x505
[11.265935 0.003496] atmel_mci f8000000.mmc: using dma1chan0 for DMA transfers
[11.305358 0.039423] atmel_mci f8000000.mmc: Atmel MCI controller at 0xf8000000 irq 27, 1 slots
[11.313687 0.008329] atmel_aes f8038000.aes: version: 0x135
[11.318945 0.005258] atmel_aes f8038000.aes: Atmel AES
[11.322561 0.003616] atmel_tdes f803c000.tdes: version: 0x701
[11.328705 0.006144] atmel_tdes f803c000.tdes: Atmel DES/TDES
[11.333070 0.004365] atmel_sha f8034000.sha: version: 0x410
[11.337673 0.004603] atmel_sha f8034000.sha: Atmel SHA1/SHA256
[11.342076 0.004403] ALSA device list:
[11.343691 0.001615]   #0: wm8904 @ SAMA5D3EK
[11.371057 0.027366] UBIFS: recovery needed
[11.430956 0.059899] UBIFS: recovery completed
[11.433408 0.002452] UBIFS: mounted UBI device 0, volume 0, name "rootfs"
[11.438013 0.004605] UBIFS: file system size:   244682752 bytes (238948 KiB, 233 MiB, 1927 LEBs)
[11.445134 0.007121] UBIFS: journal size:       9023488 bytes (8812 KiB, 8 MiB, 72 LEBs)
[11.451012 0.005878] UBIFS: media format:       w4/r0 (latest is w4/r0)
[11.455316 0.004304] UBIFS: default compressor: lzo
[11.458065 0.002749] UBIFS: reserved for root:  0 bytes (0 KiB)
[11.463435 0.005370] VFS: Mounted root (ubifs filesystem) on device 0:11.
[11.469034 0.005599] devtmpfs: mounted
[11.471192 0.002158] Freeing init memory: 148K
[11.547943 0.076751] init started: BusyBox v1.21.0 (2013-08-09 12:47:55 CEST)
[11.656324 0.108381] Starting logging: OK
[11.707572 0.051248] Populating /dev using udev: udevd[570]: starting version 182
[12.113586 0.406014] done
[12.124764 0.011178] Starting portmap: done
[12.284710 0.159946] Initializing random number generator... done.
[12.483212 0.198502] ALSA: Restoring mixer settings...
[12.536337 0.053125] Starting network...
[13.086580 0.550243] Starting sshd: OK
[13.437879 0.351299] 
[13.438071 0.000192] Starting video player
[13.517951 0.079880] 
[13.518434 0.000483] Welcome to Buildroot
[13.520345 0.001911] buildroot login: 
[14.682485 1.162140] Done playing video
[19.701114 5.018629] 
[19.701325 0.000211] Starting video player
[20.389556 0.688231] 
[20.389723 0.000167] Done playing video

